Archive member included to satisfy reference by file (symbol)

c:/st/stm32cubeide_1.12.1/stm32cubeide/plugins/com.st.stm32cube.ide.mcu.externaltools.gnu-tools-for-stm32.10.3-2021.10.win32_1.0.200.202301161003/tools/bin/../lib/gcc/arm-none-eabi/10.3.1/../../../../arm-none-eabi/lib/thumb/v7-m/nofp\libc_nano.a(lib_a-atoi.o)
                              ./Core/Src/switchSounds.o (atoi)
c:/st/stm32cubeide_1.12.1/stm32cubeide/plugins/com.st.stm32cube.ide.mcu.externaltools.gnu-tools-for-stm32.10.3-2021.10.win32_1.0.200.202301161003/tools/bin/../lib/gcc/arm-none-eabi/10.3.1/../../../../arm-none-eabi/lib/thumb/v7-m/nofp\libc_nano.a(lib_a-errno.o)
                              ./Core/Src/syscalls.o (__errno)
c:/st/stm32cubeide_1.12.1/stm32cubeide/plugins/com.st.stm32cube.ide.mcu.externaltools.gnu-tools-for-stm32.10.3-2021.10.win32_1.0.200.202301161003/tools/bin/../lib/gcc/arm-none-eabi/10.3.1/../../../../arm-none-eabi/lib/thumb/v7-m/nofp\libc_nano.a(lib_a-exit.o)
                              c:/st/stm32cubeide_1.12.1/stm32cubeide/plugins/com.st.stm32cube.ide.mcu.externaltools.gnu-tools-for-stm32.10.3-2021.10.win32_1.0.200.202301161003/tools/bin/../lib/gcc/arm-none-eabi/10.3.1/../../../../arm-none-eabi/lib/thumb/v7-m/nofp/crt0.o (exit)
c:/st/stm32cubeide_1.12.1/stm32cubeide/plugins/com.st.stm32cube.ide.mcu.externaltools.gnu-tools-for-stm32.10.3-2021.10.win32_1.0.200.202301161003/tools/bin/../lib/gcc/arm-none-eabi/10.3.1/../../../../arm-none-eabi/lib/thumb/v7-m/nofp\libc_nano.a(lib_a-findfp.o)
                              ./Middlewares/Third_Party/FreeRTOS/Source/tasks.o (__sf_fake_stderr)
c:/st/stm32cubeide_1.12.1/stm32cubeide/plugins/com.st.stm32cube.ide.mcu.externaltools.gnu-tools-for-stm32.10.3-2021.10.win32_1.0.200.202301161003/tools/bin/../lib/gcc/arm-none-eabi/10.3.1/../../../../arm-none-eabi/lib/thumb/v7-m/nofp\libc_nano.a(lib_a-fwalk.o)
                              c:/st/stm32cubeide_1.12.1/stm32cubeide/plugins/com.st.stm32cube.ide.mcu.externaltools.gnu-tools-for-stm32.10.3-2021.10.win32_1.0.200.202301161003/tools/bin/../lib/gcc/arm-none-eabi/10.3.1/../../../../arm-none-eabi/lib/thumb/v7-m/nofp\libc_nano.a(lib_a-findfp.o) (_fwalk)
c:/st/stm32cubeide_1.12.1/stm32cubeide/plugins/com.st.stm32cube.ide.mcu.externaltools.gnu-tools-for-stm32.10.3-2021.10.win32_1.0.200.202301161003/tools/bin/../lib/gcc/arm-none-eabi/10.3.1/../../../../arm-none-eabi/lib/thumb/v7-m/nofp\libc_nano.a(lib_a-impure.o)
                              c:/st/stm32cubeide_1.12.1/stm32cubeide/plugins/com.st.stm32cube.ide.mcu.externaltools.gnu-tools-for-stm32.10.3-2021.10.win32_1.0.200.202301161003/tools/bin/../lib/gcc/arm-none-eabi/10.3.1/../../../../arm-none-eabi/lib/thumb/v7-m/nofp\libc_nano.a(lib_a-exit.o) (_global_impure_ptr)
c:/st/stm32cubeide_1.12.1/stm32cubeide/plugins/com.st.stm32cube.ide.mcu.externaltools.gnu-tools-for-stm32.10.3-2021.10.win32_1.0.200.202301161003/tools/bin/../lib/gcc/arm-none-eabi/10.3.1/../../../../arm-none-eabi/lib/thumb/v7-m/nofp\libc_nano.a(lib_a-init.o)
                              c:/st/stm32cubeide_1.12.1/stm32cubeide/plugins/com.st.stm32cube.ide.mcu.externaltools.gnu-tools-for-stm32.10.3-2021.10.win32_1.0.200.202301161003/tools/bin/../lib/gcc/arm-none-eabi/10.3.1/../../../../arm-none-eabi/lib/thumb/v7-m/nofp/crt0.o (__libc_init_array)
c:/st/stm32cubeide_1.12.1/stm32cubeide/plugins/com.st.stm32cube.ide.mcu.externaltools.gnu-tools-for-stm32.10.3-2021.10.win32_1.0.200.202301161003/tools/bin/../lib/gcc/arm-none-eabi/10.3.1/../../../../arm-none-eabi/lib/thumb/v7-m/nofp\libc_nano.a(lib_a-lock.o)
                              c:/st/stm32cubeide_1.12.1/stm32cubeide/plugins/com.st.stm32cube.ide.mcu.externaltools.gnu-tools-for-stm32.10.3-2021.10.win32_1.0.200.202301161003/tools/bin/../lib/gcc/arm-none-eabi/10.3.1/../../../../arm-none-eabi/lib/thumb/v7-m/nofp\libc_nano.a(lib_a-findfp.o) (__retarget_lock_init_recursive)
c:/st/stm32cubeide_1.12.1/stm32cubeide/plugins/com.st.stm32cube.ide.mcu.externaltools.gnu-tools-for-stm32.10.3-2021.10.win32_1.0.200.202301161003/tools/bin/../lib/gcc/arm-none-eabi/10.3.1/../../../../arm-none-eabi/lib/thumb/v7-m/nofp\libc_nano.a(lib_a-malloc.o)
                              ./Core/Src/extra_functions_for_work.o (malloc)
c:/st/stm32cubeide_1.12.1/stm32cubeide/plugins/com.st.stm32cube.ide.mcu.externaltools.gnu-tools-for-stm32.10.3-2021.10.win32_1.0.200.202301161003/tools/bin/../lib/gcc/arm-none-eabi/10.3.1/../../../../arm-none-eabi/lib/thumb/v7-m/nofp\libc_nano.a(lib_a-memcpy-stub.o)
                              ./Core/Src/rc522.o (memcpy)
c:/st/stm32cubeide_1.12.1/stm32cubeide/plugins/com.st.stm32cube.ide.mcu.externaltools.gnu-tools-for-stm32.10.3-2021.10.win32_1.0.200.202301161003/tools/bin/../lib/gcc/arm-none-eabi/10.3.1/../../../../arm-none-eabi/lib/thumb/v7-m/nofp\libc_nano.a(lib_a-memset.o)
[...]
Memory Configuration

Name             Origin             Length             Attributes
RAM              0x0000000020000000 0x0000000000005000 xrw
FLASH            0x000000000800c000 0x0000000000014400 xr
*default*        0x0000000000000000 0xffffffffffffffff

Linker script and memory map

LOAD c:/st/stm32cubeide_1.12.1/stm32cubeide/plugins/com.st.stm32cube.ide.mcu.externaltools.gnu-tools-for-stm32.10.3-2021.10.win32_1.0.200.202301161003/tools/bin/../lib/gcc/arm-none-eabi/10.3.1/thumb/v7-m/nofp/crti.o
LOAD c:/st/stm32cubeide_1.12.1/stm32cubeide/plugins/com.st.stm32cube.ide.mcu.externaltools.gnu-tools-for-stm32.10.3-2021.10.win32_1.0.200.202301161003/tools/bin/../lib/gcc/arm-none-eabi/10.3.1/thumb/v7-m/nofp/crtbegin.o
LOAD c:/st/stm32cubeide_1.12.1/stm32cubeide/plugins/com.st.stm32cube.ide.mcu.externaltools.gnu-tools-for-stm32.10.3-2021.10.win32_1.0.200.202301161003/tools/bin/../lib/gcc/arm-none-eabi/10.3.1/../../../../arm-none-eabi/lib/thumb/v7-m/nofp/crt0.o
LOAD ./Core/Src/extra_functions_for_work.o
LOAD ./Core/Src/freertos.o
LOAD ./Core/Src/geotextLib.o
LOAD ./Core/Src/liquidcrystal_i2c.o
LOAD ./Core/Src/main.o
LOAD ./Core/Src/quectel_commands_shortand.o
LOAD ./Core/Src/rc522.o
LOAD ./Core/Src/stm32f1xx_hal_msp.o
LOAD ./Core/Src/stm32f1xx_it.o
LOAD ./Core/Src/switchSounds.o
LOAD ./Core/Src/syscalls.o
LOAD ./Core/Src/sysmem.o
LOAD ./Core/Src/system_stm32f1xx.o
LOAD ./Core/Startup/startup_stm32f103cbtx.o
LOAD ./Drivers/STM32F1xx_HAL_Driver/Src/stm32f1xx_hal.o
LOAD ./Drivers/STM32F1xx_HAL_Driver/Src/stm32f1xx_hal_cortex.o
LOAD ./Drivers/STM32F1xx_HAL_Driver/Src/stm32f1xx_hal_dma.o
LOAD ./Drivers/STM32F1xx_HAL_Driver/Src/stm32f1xx_hal_exti.o
LOAD ./Drivers/STM32F1xx_HAL_Driver/Src/stm32f1xx_hal_flash.o
LOAD ./Drivers/STM32F1xx_HAL_Driver/Src/stm32f1xx_hal_flash_ex.o
LOAD ./Drivers/STM32F1xx_HAL_Driver/Src/stm32f1xx_hal_gpio.o
LOAD ./Drivers/STM32F1xx_HAL_Driver/Src/stm32f1xx_hal_gpio_ex.o
LOAD ./Drivers/STM32F1xx_HAL_Driver/Src/stm32f1xx_hal_i2c.o
LOAD ./Drivers/STM32F1xx_HAL_Driver/Src/stm32f1xx_hal_pwr.o
LOAD ./Drivers/STM32F1xx_HAL_Driver/Src/stm32f1xx_hal_rcc.o
LOAD ./Drivers/STM32F1xx_HAL_Driver/Src/stm32f1xx_hal_rcc_ex.o
LOAD ./Drivers/STM32F1xx_HAL_Driver/Src/stm32f1xx_hal_spi.o
LOAD ./Drivers/STM32F1xx_HAL_Driver/Src/stm32f1xx_hal_tim.o
LOAD ./Drivers/STM32F1xx_HAL_Driver/Src/stm32f1xx_hal_tim_ex.o
LOAD ./Drivers/STM32F1xx_HAL_Driver/Src/stm32f1xx_hal_uart.o
LOAD ./Middlewares/Third_Party/FreeRTOS/Source/CMSIS_RTOS/cmsis_os.o
LOAD ./Middlewares/Third_Party/FreeRTOS/Source/croutine.o
LOAD ./Middlewares/Third_Party/FreeRTOS/Source/event_groups.o
LOAD ./Middlewares/Third_Party/FreeRTOS/Source/list.o
LOAD ./Middlewares/Third_Party/FreeRTOS/Source/queue.o
LOAD ./Middlewares/Third_Party/FreeRTOS/Source/stream_buffer.o
LOAD ./Middlewares/Third_Party/FreeRTOS/Source/tasks.o
LOAD ./Middlewares/Third_Party/FreeRTOS/Source/timers.o
LOAD ./Middlewares/Third_Party/FreeRTOS/Source/portable/GCC/ARM_CM3/port.o
LOAD ./Middlewares/Third_Party/FreeRTOS/Source/portable/MemMang/heap_4.o
START GROUP
LOAD c:/st/stm32cubeide_1.12.1/stm32cubeide/plugins/com.st.stm32cube.ide.mcu.externaltools.gnu-tools-for-stm32.10.3-2021.10.win32_1.0.200.202301161003/tools/bin/../lib/gcc/arm-none-eabi/10.3.1/../../../../arm-none-eabi/lib/thumb/v7-m/nofp\libc_nano.a
LOAD c:/st/stm32cubeide_1.12.1/stm32cubeide/plugins/com.st.stm32cube.ide.mcu.externaltools.gnu-tools-for-stm32.10.3-2021.10.win32_1.0.200.202301161003/tools/bin/../lib/gcc/arm-none-eabi/10.3.1/../../../../arm-none-eabi/lib/thumb/v7-m/nofp\libm.a
END GROUP
START GROUP
LOAD c:/st/stm32cubeide_1.12.1/stm32cubeide/plugins/com.st.stm32cube.ide.mcu.externaltools.gnu-tools-for-stm32.10.3-2021.10.win32_1.0.200.202301161003/tools/bin/../lib/gcc/arm-none-eabi/10.3.1/thumb/v7-m/nofp\libgcc.a
LOAD c:/st/stm32cubeide_1.12.1/stm32cubeide/plugins/com.st.stm32cube.ide.mcu.externaltools.gnu-tools-for-stm32.10.3-2021.10.win32_1.0.200.202301161003/tools/bin/../lib/gcc/arm-none-eabi/10.3.1/../../../../arm-none-eabi/lib/thumb/v7-m/nofp\libc_nano.a
END GROUP
START GROUP
LOAD c:/st/stm32cubeide_1.12.1/stm32cubeide/plugins/com.st.stm32cube.ide.mcu.externaltools.gnu-tools-for-stm32.10.3-2021.10.win32_1.0.200.202301161003/tools/bin/../lib/gcc/arm-none-eabi/10.3.1/thumb/v7-m/nofp\libgcc.a
LOAD c:/st/stm32cubeide_1.12.1/stm32cubeide/plugins/com.st.stm32cube.ide.mcu.externaltools.gnu-tools-for-stm32.10.3-2021.10.win32_1.0.200.202301161003/tools/bin/../lib/gcc/arm-none-eabi/10.3.1/../../../../arm-none-eabi/lib/thumb/v7-m/nofp\libc_nano.a
LOAD c:/st/stm32cubeide_1.12.1/stm32cubeide/plugins/com.st.stm32cube.ide.mcu.externaltools.gnu-tools-for-stm32.10.3-2021.10.win32_1.0.200.202301161003/tools/bin/../lib/gcc/arm-none-eabi/10.3.1/../../../../arm-none-eabi/lib/thumb/v7-m/nofp\libnosys.a
END GROUP
START GROUP
LOAD c:/st/stm32cubeide_1.12.1/stm32cubeide/plugins/com.st.stm32cube.ide.mcu.externaltools.gnu-tools-for-stm32.10.3-2021.10.win32_1.0.200.202301161003/tools/bin/../lib/gcc/arm-none-eabi/10.3.1/thumb/v7-m/nofp\libgcc.a
LOAD c:/st/stm32cubeide_1.12.1/stm32cubeide/plugins/com.st.stm32cube.ide.mcu.externaltools.gnu-tools-for-stm32.10.3-2021.10.win32_1.0.200.202301161003/tools/bin/../lib/gcc/arm-none-eabi/10.3.1/../../../../arm-none-eabi/lib/thumb/v7-m/nofp\libc_nano.a
LOAD c:/st/stm32cubeide_1.12.1/stm32cubeide/plugins/com.st.stm32cube.ide.mcu.externaltools.gnu-tools-for-stm32.10.3-2021.10.win32_1.0.200.202301161003/tools/bin/../lib/gcc/arm-none-eabi/10.3.1/../../../../arm-none-eabi/lib/thumb/v7-m/nofp\libnosys.a
END GROUP
LOAD c:/st/stm32cubeide_1.12.1/stm32cubeide/plugins/com.st.stm32cube.ide.mcu.externaltools.gnu-tools-for-stm32.10.3-2021.10.win32_1.0.200.202301161003/tools/bin/../lib/gcc/arm-none-eabi/10.3.1/thumb/v7-m/nofp/crtend.o
LOAD c:/st/stm32cubeide_1.12.1/stm32cubeide/plugins/com.st.stm32cube.ide.mcu.externaltools.gnu-tools-for-stm32.10.3-2021.10.win32_1.0.200.202301161003/tools/bin/../lib/gcc/arm-none-eabi/10.3.1/thumb/v7-m/nofp/crtn.o
                0x0000000020005000                _estack = (ORIGIN (RAM) + LENGTH (RAM))
                0x0000000000000200                _Min_Heap_Size = 0x200
                0x0000000000000400                _Min_Stack_Size = 0x400

.isr_vector     0x000000000800c000      0x10c
                0x000000000800c000                . = ALIGN (0x4)
 *(.isr_vector)
 .isr_vector    0x000000000800c000      0x10c ./Core/Startup/startup_stm32f103cbtx.o
                0x000000000800c000                g_pfnVectors
                0x000000000800c10c                . = ALIGN (0x4)

.text           0x000000000800c110     0x8cac
                0x000000000800c110                . = ALIGN (0x4)
 *(.text)
 .text          0x000000000800c110       0x40 c:/st/stm32cubeide_1.12.1/stm32cubeide/plugins/com.st.stm32cube.ide.mcu.externaltools.gnu-tools-for-stm32.10.3-2021.10.win32_1.0.200.202301161003/tools/bin/../lib/gcc/arm-none-eabi/10.3.1/thumb/v7-m/nofp/crtbegin.o
 .text          0x000000000800c150       0x10 c:/st/stm32cubeide_1.12.1/stm32cubeide/plugins/com.st.stm32cube.ide.mcu.externaltools.gnu-tools-for-stm32.10.3-2021.10.win32_1.0.200.202301161003/tools/bin/../lib/gcc/arm-none-eabi/10.3.1/../../../../arm-none-eabi/lib/thumb/v7-m/nofp\libc_nano.a(lib_a-strlen.o)
                0x000000000800c150                strlen
 .text          0x000000000800c160       0x30 c:/st/stm32cubeide_1.12.1/stm32cubeide/plugins/com.st.stm32cube.ide.mcu.externaltools.gnu-tools-for-stm32.10.3-2021.10.win32_1.0.200.202301161003/tools/bin/../lib/gcc/arm-none-eabi/10.3.1/thumb/v7-m/nofp\libgcc.a(_aeabi_uldivmod.o)
                0x000000000800c160                __aeabi_uldivmod
 .text          0x000000000800c190      0x2d4 c:/st/stm32cubeide_1.12.1/stm32cubeide/plugins/com.st.stm32cube.ide.mcu.externaltools.gnu-tools-for-stm32.10.3-2021.10.win32_1.0.200.202301161003/tools/bin/../lib/gcc/arm-none-eabi/10.3.1/thumb/v7-m/nofp\libgcc.a(_udivmoddi4.o)
                0x000000000800c190                __udivmoddi4
 .text          0x000000000800c464        0x4 c:/st/stm32cubeide_1.12.1/stm32cubeide/plugins/com.st.stm32cube.ide.mcu.externaltools.gnu-tools-for-stm32.10.3-2021.10.win32_1.0.200.202301161003/tools/bin/../lib/gcc/arm-none-eabi/10.3.1/thumb/v7-m/nofp\libgcc.a(_dvmd_tls.o)
                0x000000000800c464                __aeabi_idiv0
                0x000000000800c464                __aeabi_ldiv0
 *(.text*)
 .text.convertNumberToCharArray
                0x000000000800c468       0xb6 ./Core/Src/extra_functions_for_work.o
                0x000000000800c468                convertNumberToCharArray
 .text.jumpToAddress
                0x000000000800c51e       0x3a ./Core/Src/extra_functions_for_work.o
                0x000000000800c51e                jumpToAddress
 .text.vApplicationGetIdleTaskMemory
                0x000000000800c558       0x30 ./Core/Src/freertos.o
                0x000000000800c558                vApplicationGetIdleTaskMemory
 .text.printUcxoBaratia
                0x000000000800c588      0x174 ./Core/Src/geotextLib.o
                0x000000000800c588                printUcxoBaratia
 .text.printBlansiAraa
                0x000000000800c6fc      0x158 ./Core/Src/geotextLib.o
                0x000000000800c6fc                printBlansiAraa
 .text.printMiadetBarati
                0x000000000800c854      0x1a0 ./Core/Src/geotextLib.o
                0x000000000800c854                printMiadetBarati
 .text.prinWarmateba
                0x000000000800c9f4      0x11c ./Core/Src/geotextLib.o
                0x000000000800c9f4                prinWarmateba
 .text.printDaicadet
                0x000000000800cb10      0x11c ./Core/Src/geotextLib.o
                0x000000000800cb10                printDaicadet
 .text.printBalansi
                0x000000000800cc2c      0x104 ./Core/Src/geotextLib.o
                0x000000000800cc2c                printBalansi
 .text.HD44780_Init
                0x000000000800cd30       0xf0 ./Core/Src/liquidcrystal_i2c.o
                0x000000000800cd30                HD44780_Init
 .text.HD44780_Clear
                0x000000000800ce20       0x16 ./Core/Src/liquidcrystal_i2c.o
                0x000000000800ce20                HD44780_Clear
 .text.HD44780_Home
                0x000000000800ce36       0x16 ./Core/Src/liquidcrystal_i2c.o
                0x000000000800ce36                HD44780_Home
 .text.HD44780_SetCursor
                0x000000000800ce4c       0x64 ./Core/Src/liquidcrystal_i2c.o
                0x000000000800ce4c                HD44780_SetCursor
 .text.HD44780_Display
                0x000000000800ceb0       0x2c ./Core/Src/liquidcrystal_i2c.o
                0x000000000800ceb0                HD44780_Display
 .text.HD44780_CreateSpecialChar
                0x000000000800cedc       0x52 ./Core/Src/liquidcrystal_i2c.o
                0x000000000800cedc                HD44780_CreateSpecialChar
 .text.HD44780_PrintSpecialChar
                0x000000000800cf2e       0x1a ./Core/Src/liquidcrystal_i2c.o
                0x000000000800cf2e                HD44780_PrintSpecialChar
 .text.HD44780_PrintStr
                0x000000000800cf48       0x2a ./Core/Src/liquidcrystal_i2c.o
                0x000000000800cf48                HD44780_PrintStr
 .text.SendCommand
                0x000000000800cf72       0x1c ./Core/Src/liquidcrystal_i2c.o
 .text.SendChar
                0x000000000800cf8e       0x1c ./Core/Src/liquidcrystal_i2c.o
 .text.Send     0x000000000800cfaa       0x42 ./Core/Src/liquidcrystal_i2c.o
 .text.Write4Bits
                0x000000000800cfec       0x22 ./Core/Src/liquidcrystal_i2c.o
 *fill*         0x000000000800d00e        0x2 
 .text.ExpanderWrite
                0x000000000800d010       0x38 ./Core/Src/liquidcrystal_i2c.o
 .text.PulseEnable
                0x000000000800d048       0x3a ./Core/Src/liquidcrystal_i2c.o
 *fill*         0x000000000800d082        0x2 
 .text.DelayInit
                0x000000000800d084       0x50 ./Core/Src/liquidcrystal_i2c.o
 .text.DelayUS  0x000000000800d0d4       0x4c ./Core/Src/liquidcrystal_i2c.o
 .text.HAL_UART_RxCpltCallback
                0x000000000800d120       0xa4 ./Core/Src/main.o
                0x000000000800d120                HAL_UART_RxCpltCallback
 .text.main     0x000000000800d1c4      0x1fc ./Core/Src/main.o
                0x000000000800d1c4                main
 .text.SystemClock_Config
                0x000000000800d3c0       0x8a ./Core/Src/main.o
                0x000000000800d3c0                SystemClock_Config
 *fill*         0x000000000800d44a        0x2 
 .text.MX_I2C1_Init
                0x000000000800d44c       0x5c ./Core/Src/main.o
 .text.MX_SPI1_Init
                0x000000000800d4a8       0x6c ./Core/Src/main.o
 .text.MX_USART1_UART_Init
                0x000000000800d514       0x54 ./Core/Src/main.o
 .text.MX_USART2_UART_Init
                0x000000000800d568       0x54 ./Core/Src/main.o
 .text.MX_GPIO_Init
                0x000000000800d5bc      0x104 ./Core/Src/main.o
 .text.read_card_task
                0x000000000800d6c0       0xfc ./Core/Src/main.o
                0x000000000800d6c0                read_card_task
 .text.vApplicationIdleHook
                0x000000000800d7bc        0xc ./Core/Src/main.o
                0x000000000800d7bc                vApplicationIdleHook
 .text.process_status_task
                0x000000000800d7c8      0x218 ./Core/Src/main.o
                0x000000000800d7c8                process_status_task
 .text.send_card_data_MQTT
                0x000000000800d9e0       0x94 ./Core/Src/main.o
                0x000000000800d9e0                send_card_data_MQTT
 .text.check_MQTT
                0x000000000800da74       0x24 ./Core/Src/main.o
                0x000000000800da74                check_MQTT
 .text.Error_Handler
                0x000000000800da98        0xc ./Core/Src/main.o
                0x000000000800da98                Error_Handler
 .text.MQTTPubToTopic
                0x000000000800daa4       0x38 ./Core/Src/quectel_commands_shortand.o
                0x000000000800daa4                MQTTPubToTopic
 .text.send_data_to_MQTT
                0x000000000800dadc       0x30 ./Core/Src/quectel_commands_shortand.o
                0x000000000800dadc                send_data_to_MQTT
 .text.SPI1SendByte
                0x000000000800db0c       0x30 ./Core/Src/rc522.o
                0x000000000800db0c                SPI1SendByte
 .text.SPI1_WriteReg
                0x000000000800db3c       0x40 ./Core/Src/rc522.o
                0x000000000800db3c                SPI1_WriteReg
 .text.SPI1_ReadReg
                0x000000000800db7c       0x40 ./Core/Src/rc522.o
                0x000000000800db7c                SPI1_ReadReg
 .text.MFRC522_WriteRegister
                0x000000000800dbbc       0x30 ./Core/Src/rc522.o
                0x000000000800dbbc                MFRC522_WriteRegister
 .text.MFRC522_ReadRegister
                0x000000000800dbec       0x34 ./Core/Src/rc522.o
                0x000000000800dbec                MFRC522_ReadRegister
 .text.MFRC522_SetBitMask
                0x000000000800dc20       0x34 ./Core/Src/rc522.o
                0x000000000800dc20                MFRC522_SetBitMask
 .text.MFRC522_ClearBitMask
                0x000000000800dc54       0x3c ./Core/Src/rc522.o
                0x000000000800dc54                MFRC522_ClearBitMask
 .text.MFRC522_Request
                0x000000000800dc90       0x4a ./Core/Src/rc522.o
                0x000000000800dc90                MFRC522_Request
 .text.MFRC522_ToCard
                0x000000000800dcda      0x19e ./Core/Src/rc522.o
                0x000000000800dcda                MFRC522_ToCard
 .text.MFRC522_Anticoll
                0x000000000800de78       0x7a ./Core/Src/rc522.o
                0x000000000800de78                MFRC522_Anticoll
 .text.MFRC522_CalculateCRC
                0x000000000800def2       0x92 ./Core/Src/rc522.o
                0x000000000800def2                MFRC522_CalculateCRC
 .text.MFRC522_SelectTag
                0x000000000800df84       0x84 ./Core/Src/rc522.o
                0x000000000800df84                MFRC522_SelectTag
 .text.MFRC522_Auth
                0x000000000800e008       0xa6 ./Core/Src/rc522.o
                0x000000000800e008                MFRC522_Auth
 .text.MFRC522_Read
                0x000000000800e0ae       0x58 ./Core/Src/rc522.o
                0x000000000800e0ae                MFRC522_Read
 .text.MFRC522_Init
                0x000000000800e106       0x48 ./Core/Src/rc522.o
                0x000000000800e106                MFRC522_Init
 .text.MFRC522_Reset
                0x000000000800e14e       0x10 ./Core/Src/rc522.o
                0x000000000800e14e                MFRC522_Reset
 .text.MFRC522_AntennaOn
                0x000000000800e15e       0x2a ./Core/Src/rc522.o
                0x000000000800e15e                MFRC522_AntennaOn
 .text.cardOperationWithBlockedSector
                0x000000000800e188      0x2dc ./Core/Src/rc522.o
                0x000000000800e188                cardOperationWithBlockedSector
 .text.led      0x000000000800e464       0x50 ./Core/Src/rc522.o
                0x000000000800e464                led
 .text.HAL_MspInit
                0x000000000800e4b4       0x70 ./Core/Src/stm32f1xx_hal_msp.o
                0x000000000800e4b4                HAL_MspInit
 .text.HAL_I2C_MspInit
                0x000000000800e524       0x7c ./Core/Src/stm32f1xx_hal_msp.o
                0x000000000800e524                HAL_I2C_MspInit
 .text.HAL_SPI_MspInit
                0x000000000800e5a0       0x94 ./Core/Src/stm32f1xx_hal_msp.o
                0x000000000800e5a0                HAL_SPI_MspInit
 .text.HAL_UART_MspInit
                0x000000000800e634      0x118 ./Core/Src/stm32f1xx_hal_msp.o
                0x000000000800e634                HAL_UART_MspInit
 .text.NMI_Handler
                0x000000000800e74c        0x6 ./Core/Src/stm32f1xx_it.o
                0x000000000800e74c                NMI_Handler
 .text.HardFault_Handler
                0x000000000800e752        0x6 ./Core/Src/stm32f1xx_it.o
                0x000000000800e752                HardFault_Handler
 .text.MemManage_Handler
                0x000000000800e758        0x6 ./Core/Src/stm32f1xx_it.o
                0x000000000800e758                MemManage_Handler
 .text.BusFault_Handler
                0x000000000800e75e        0x6 ./Core/Src/stm32f1xx_it.o
                0x000000000800e75e                BusFault_Handler
 .text.UsageFault_Handler
                0x000000000800e764        0x6 ./Core/Src/stm32f1xx_it.o
                0x000000000800e764                UsageFault_Handler
 .text.DebugMon_Handler
                0x000000000800e76a        0xc ./Core/Src/stm32f1xx_it.o
                0x000000000800e76a                DebugMon_Handler
 .text.SysTick_Handler
                0x000000000800e776       0x1a ./Core/Src/stm32f1xx_it.o
                0x000000000800e776                SysTick_Handler
 .text.USART1_IRQHandler
                0x000000000800e790       0x14 ./Core/Src/stm32f1xx_it.o
                0x000000000800e790                USART1_IRQHandler
 .text.AppruveSound
                0x000000000800e7a4       0x60 ./Core/Src/switchSounds.o
                0x000000000800e7a4                AppruveSound
 .text.ErrorSound
                0x000000000800e804       0x44 ./Core/Src/switchSounds.o
                0x000000000800e804                ErrorSound
 .text.CardReadSound
                0x000000000800e848       0x24 ./Core/Src/switchSounds.o
                0x000000000800e848                CardReadSound
 .text.takeData
                0x000000000800e86c       0x76 ./Core/Src/switchSounds.o
                0x000000000800e86c                takeData
 *fill*         0x000000000800e8e2        0x2 
 .text.insert   0x000000000800e8e4       0x8c ./Core/Src/switchSounds.o
                0x000000000800e8e4                insert
 .text.takeStatus
                0x000000000800e970       0x82 ./Core/Src/switchSounds.o
                0x000000000800e970                takeStatus
 *fill*         0x000000000800e9f2        0x2 
 .text._sbrk    0x000000000800e9f4       0x6c ./Core/Src/sysmem.o
                0x000000000800e9f4                _sbrk
 .text.SystemInit
                0x000000000800ea60        0xc ./Core/Src/system_stm32f1xx.o
                0x000000000800ea60                SystemInit
 .text.Reset_Handler
                0x000000000800ea6c       0x48 ./Core/Startup/startup_stm32f103cbtx.o
                0x000000000800ea6c                Reset_Handler
 .text.Default_Handler
                0x000000000800eab4        0x2 ./Core/Startup/startup_stm32f103cbtx.o
                0x000000000800eab4                RTC_Alarm_IRQHandler
                0x000000000800eab4                EXTI2_IRQHandler
                0x000000000800eab4                TIM1_CC_IRQHandler
                0x000000000800eab4                PVD_IRQHandler
                0x000000000800eab4                EXTI3_IRQHandler
                0x000000000800eab4                EXTI0_IRQHandler
                0x000000000800eab4                I2C2_EV_IRQHandler
                0x000000000800eab4                ADC1_2_IRQHandler
                0x000000000800eab4                SPI1_IRQHandler
                0x000000000800eab4                TAMPER_IRQHandler
                0x000000000800eab4                DMA1_Channel4_IRQHandler
                0x000000000800eab4                USART3_IRQHandler
                0x000000000800eab4                RTC_IRQHandler
                0x000000000800eab4                DMA1_Channel7_IRQHandler
                0x000000000800eab4                CAN1_RX1_IRQHandler
                0x000000000800eab4                TIM4_IRQHandler
                0x000000000800eab4                I2C1_EV_IRQHandler
                0x000000000800eab4                DMA1_Channel6_IRQHandler
                0x000000000800eab4                TIM3_IRQHandler
                0x000000000800eab4                RCC_IRQHandler
                0x000000000800eab4                TIM1_TRG_COM_IRQHandler
                0x000000000800eab4                DMA1_Channel1_IRQHandler
                0x000000000800eab4                Default_Handler
                0x000000000800eab4                EXTI15_10_IRQHandler
                0x000000000800eab4                EXTI9_5_IRQHandler
                0x000000000800eab4                SPI2_IRQHandler
                0x000000000800eab4                DMA1_Channel5_IRQHandler
                0x000000000800eab4                EXTI4_IRQHandler
                0x000000000800eab4                USB_LP_CAN1_RX0_IRQHandler
                0x000000000800eab4                USB_HP_CAN1_TX_IRQHandler
                0x000000000800eab4                DMA1_Channel3_IRQHandler
                0x000000000800eab4                TIM1_UP_IRQHandler
                0x000000000800eab4                WWDG_IRQHandler
                0x000000000800eab4                TIM2_IRQHandler
                0x000000000800eab4                TIM1_BRK_IRQHandler
                0x000000000800eab4                EXTI1_IRQHandler
                0x000000000800eab4                USART2_IRQHandler
                0x000000000800eab4                I2C2_ER_IRQHandler
                0x000000000800eab4                DMA1_Channel2_IRQHandler
                0x000000000800eab4                CAN1_SCE_IRQHandler
                0x000000000800eab4                FLASH_IRQHandler
                0x000000000800eab4                I2C1_ER_IRQHandler
                0x000000000800eab4                USBWakeUp_IRQHandler
 *fill*         0x000000000800eab6        0x2 
 .text.HAL_Init
                0x000000000800eab8       0x2c ./Drivers/STM32F1xx_HAL_Driver/Src/stm32f1xx_hal.o
                0x000000000800eab8                HAL_Init
 .text.HAL_DeInit
                0x000000000800eae4       0x30 ./Drivers/STM32F1xx_HAL_Driver/Src/stm32f1xx_hal.o
                0x000000000800eae4                HAL_DeInit
 .text.HAL_MspDeInit
                0x000000000800eb14        0xc ./Drivers/STM32F1xx_HAL_Driver/Src/stm32f1xx_hal.o
                0x000000000800eb14                HAL_MspDeInit
 .text.HAL_InitTick
                0x000000000800eb20       0x60 ./Drivers/STM32F1xx_HAL_Driver/Src/stm32f1xx_hal.o
                0x000000000800eb20                HAL_InitTick
 .text.HAL_IncTick
                0x000000000800eb80       0x24 ./Drivers/STM32F1xx_HAL_Driver/Src/stm32f1xx_hal.o
                0x000000000800eb80                HAL_IncTick
 .text.HAL_GetTick
                0x000000000800eba4       0x14 ./Drivers/STM32F1xx_HAL_Driver/Src/stm32f1xx_hal.o
                0x000000000800eba4                HAL_GetTick
 .text.HAL_Delay
                0x000000000800ebb8       0x48 ./Drivers/STM32F1xx_HAL_Driver/Src/stm32f1xx_hal.o
                0x000000000800ebb8                HAL_Delay
 .text.__NVIC_SetPriorityGrouping
                0x000000000800ec00       0x48 ./Drivers/STM32F1xx_HAL_Driver/Src/stm32f1xx_hal_cortex.o
 .text.__NVIC_GetPriorityGrouping
                0x000000000800ec48       0x1c ./Drivers/STM32F1xx_HAL_Driver/Src/stm32f1xx_hal_cortex.o
 .text.__NVIC_EnableIRQ
                0x000000000800ec64       0x38 ./Drivers/STM32F1xx_HAL_Driver/Src/stm32f1xx_hal_cortex.o
 .text.__NVIC_SetPriority
                0x000000000800ec9c       0x54 ./Drivers/STM32F1xx_HAL_Driver/Src/stm32f1xx_hal_cortex.o
 .text.NVIC_EncodePriority
                0x000000000800ecf0       0x64 ./Drivers/STM32F1xx_HAL_Driver/Src/stm32f1xx_hal_cortex.o
 .text.SysTick_Config
                0x000000000800ed54       0x44 ./Drivers/STM32F1xx_HAL_Driver/Src/stm32f1xx_hal_cortex.o
 .text.HAL_NVIC_SetPriorityGrouping
                0x000000000800ed98       0x16 ./Drivers/STM32F1xx_HAL_Driver/Src/stm32f1xx_hal_cortex.o
                0x000000000800ed98                HAL_NVIC_SetPriorityGrouping
 .text.HAL_NVIC_SetPriority
                0x000000000800edae       0x38 ./Drivers/STM32F1xx_HAL_Driver/Src/stm32f1xx_hal_cortex.o
                0x000000000800edae                HAL_NVIC_SetPriority
 .text.HAL_NVIC_EnableIRQ
                0x000000000800ede6       0x1c ./Drivers/STM32F1xx_HAL_Driver/Src/stm32f1xx_hal_cortex.o
                0x000000000800ede6                HAL_NVIC_EnableIRQ
 .text.HAL_SYSTICK_Config
                0x000000000800ee02       0x18 ./Drivers/STM32F1xx_HAL_Driver/Src/stm32f1xx_hal_cortex.o
                0x000000000800ee02                HAL_SYSTICK_Config
 .text.HAL_DMA_Abort
                0x000000000800ee1a       0x76 ./Drivers/STM32F1xx_HAL_Driver/Src/stm32f1xx_hal_dma.o
                0x000000000800ee1a                HAL_DMA_Abort
 .text.HAL_DMA_Abort_IT
                0x000000000800ee90       0xf0 ./Drivers/STM32F1xx_HAL_Driver/Src/stm32f1xx_hal_dma.o
                0x000000000800ee90                HAL_DMA_Abort_IT
 .text.HAL_GPIO_Init
                0x000000000800ef80      0x308 ./Drivers/STM32F1xx_HAL_Driver/Src/stm32f1xx_hal_gpio.o
                0x000000000800ef80                HAL_GPIO_Init
 .text.HAL_GPIO_WritePin
                0x000000000800f288       0x30 ./Drivers/STM32F1xx_HAL_Driver/Src/stm32f1xx_hal_gpio.o
                0x000000000800f288                HAL_GPIO_WritePin
 .text.HAL_GPIO_TogglePin
                0x000000000800f2b8       0x32 ./Drivers/STM32F1xx_HAL_Driver/Src/stm32f1xx_hal_gpio.o
                0x000000000800f2b8                HAL_GPIO_TogglePin
 *fill*         0x000000000800f2ea        0x2 
 .text.HAL_I2C_Init
                0x000000000800f2ec      0x288 ./Drivers/STM32F1xx_HAL_Driver/Src/stm32f1xx_hal_i2c.o
                0x000000000800f2ec                HAL_I2C_Init
 .text.HAL_I2C_Master_Transmit
                0x000000000800f574      0x1fc ./Drivers/STM32F1xx_HAL_Driver/Src/stm32f1xx_hal_i2c.o
                0x000000000800f574                HAL_I2C_Master_Transmit
 .text.I2C_MasterRequestWrite
                0x000000000800f770      0x104 ./Drivers/STM32F1xx_HAL_Driver/Src/stm32f1xx_hal_i2c.o
 .text.I2C_WaitOnFlagUntilTimeout
                0x000000000800f874       0xf4 ./Drivers/STM32F1xx_HAL_Driver/Src/stm32f1xx_hal_i2c.o
 .text.I2C_WaitOnMasterAddressFlagUntilTimeout
                0x000000000800f968      0x140 ./Drivers/STM32F1xx_HAL_Driver/Src/stm32f1xx_hal_i2c.o
 .text.I2C_WaitOnTXEFlagUntilTimeout
                0x000000000800faa8       0x90 ./Drivers/STM32F1xx_HAL_Driver/Src/stm32f1xx_hal_i2c.o
 .text.I2C_WaitOnBTFFlagUntilTimeout
                0x000000000800fb38       0x90 ./Drivers/STM32F1xx_HAL_Driver/Src/stm32f1xx_hal_i2c.o
 .text.I2C_IsAcknowledgeFailed
                0x000000000800fbc8       0x5c ./Drivers/STM32F1xx_HAL_Driver/Src/stm32f1xx_hal_i2c.o
 .text.HAL_RCC_DeInit
                0x000000000800fc24      0x134 ./Drivers/STM32F1xx_HAL_Driver/Src/stm32f1xx_hal_rcc.o
                0x000000000800fc24                HAL_RCC_DeInit
 .text.HAL_RCC_OscConfig
                0x000000000800fd58      0x504 ./Drivers/STM32F1xx_HAL_Driver/Src/stm32f1xx_hal_rcc.o
                0x000000000800fd58                HAL_RCC_OscConfig
 .text.HAL_RCC_ClockConfig
                0x000000000801025c      0x1d4 ./Drivers/STM32F1xx_HAL_Driver/Src/stm32f1xx_hal_rcc.o
                0x000000000801025c                HAL_RCC_ClockConfig
 .text.HAL_RCC_GetSysClockFreq
                0x0000000008010430       0xa8 ./Drivers/STM32F1xx_HAL_Driver/Src/stm32f1xx_hal_rcc.o
                0x0000000008010430                HAL_RCC_GetSysClockFreq
 .text.HAL_RCC_GetHCLKFreq
                0x00000000080104d8       0x14 ./Drivers/STM32F1xx_HAL_Driver/Src/stm32f1xx_hal_rcc.o
                0x00000000080104d8                HAL_RCC_GetHCLKFreq
 .text.HAL_RCC_GetPCLK1Freq
                0x00000000080104ec       0x28 ./Drivers/STM32F1xx_HAL_Driver/Src/stm32f1xx_hal_rcc.o
                0x00000000080104ec                HAL_RCC_GetPCLK1Freq
 .text.HAL_RCC_GetPCLK2Freq
                0x0000000008010514       0x28 ./Drivers/STM32F1xx_HAL_Driver/Src/stm32f1xx_hal_rcc.o
                0x0000000008010514                HAL_RCC_GetPCLK2Freq
 .text.RCC_Delay
                0x000000000801053c       0x3c ./Drivers/STM32F1xx_HAL_Driver/Src/stm32f1xx_hal_rcc.o
 .text.HAL_SPI_Init
                0x0000000008010578      0x108 ./Drivers/STM32F1xx_HAL_Driver/Src/stm32f1xx_hal_spi.o
                0x0000000008010578                HAL_SPI_Init
 .text.HAL_SPI_TransmitReceive
                0x0000000008010680      0x360 ./Drivers/STM32F1xx_HAL_Driver/Src/stm32f1xx_hal_spi.o
                0x0000000008010680                HAL_SPI_TransmitReceive
 .text.SPI_WaitFlagStateUntilTimeout
                0x00000000080109e0      0x110 ./Drivers/STM32F1xx_HAL_Driver/Src/stm32f1xx_hal_spi.o
 .text.SPI_EndRxTxTransaction
                0x0000000008010af0       0x3c ./Drivers/STM32F1xx_HAL_Driver/Src/stm32f1xx_hal_spi.o
 .text.HAL_UART_Init
                0x0000000008010b2c       0xa0 ./Drivers/STM32F1xx_HAL_Driver/Src/stm32f1xx_hal_uart.o
                0x0000000008010b2c                HAL_UART_Init
 .text.HAL_UART_Transmit
                0x0000000008010bcc      0x106 ./Drivers/STM32F1xx_HAL_Driver/Src/stm32f1xx_hal_uart.o
                0x0000000008010bcc                HAL_UART_Transmit
 .text.HAL_UART_Receive_IT
                0x0000000008010cd2       0x4a ./Drivers/STM32F1xx_HAL_Driver/Src/stm32f1xx_hal_uart.o
                0x0000000008010cd2                HAL_UART_Receive_IT
 .text.HAL_UART_IRQHandler
                0x0000000008010d1c      0x524 ./Drivers/STM32F1xx_HAL_Driver/Src/stm32f1xx_hal_uart.o
                0x0000000008010d1c                HAL_UART_IRQHandler
 .text.HAL_UART_TxCpltCallback
                0x0000000008011240       0x12 ./Drivers/STM32F1xx_HAL_Driver/Src/stm32f1xx_hal_uart.o
                0x0000000008011240                HAL_UART_TxCpltCallback
 .text.HAL_UART_ErrorCallback
                0x0000000008011252       0x12 ./Drivers/STM32F1xx_HAL_Driver/Src/stm32f1xx_hal_uart.o
                0x0000000008011252                HAL_UART_ErrorCallback
 .text.HAL_UARTEx_RxEventCallback
                0x0000000008011264       0x16 ./Drivers/STM32F1xx_HAL_Driver/Src/stm32f1xx_hal_uart.o
                0x0000000008011264                HAL_UARTEx_RxEventCallback
 .text.UART_WaitOnFlagUntilTimeout
                0x000000000801127a       0xdc ./Drivers/STM32F1xx_HAL_Driver/Src/stm32f1xx_hal_uart.o
 .text.UART_Start_Receive_IT
                0x0000000008011356       0x72 ./Drivers/STM32F1xx_HAL_Driver/Src/stm32f1xx_hal_uart.o
                0x0000000008011356                UART_Start_Receive_IT
 .text.UART_EndRxTransfer
                0x00000000080113c8       0xc4 ./Drivers/STM32F1xx_HAL_Driver/Src/stm32f1xx_hal_uart.o
 .text.UART_DMAAbortOnError
                0x000000000801148c       0x28 ./Drivers/STM32F1xx_HAL_Driver/Src/stm32f1xx_hal_uart.o
 .text.UART_Transmit_IT
                0x00000000080114b4       0x9e ./Drivers/STM32F1xx_HAL_Driver/Src/stm32f1xx_hal_uart.o
 .text.UART_EndTransmit_IT
                0x0000000008011552       0x30 ./Drivers/STM32F1xx_HAL_Driver/Src/stm32f1xx_hal_uart.o
 .text.UART_Receive_IT
                0x0000000008011582      0x17c ./Drivers/STM32F1xx_HAL_Driver/Src/stm32f1xx_hal_uart.o
 *fill*         0x00000000080116fe        0x2 
 .text.UART_SetConfig
                0x0000000008011700      0x11c ./Drivers/STM32F1xx_HAL_Driver/Src/stm32f1xx_hal_uart.o
 .text.makeFreeRtosPriority
                0x000000000801181c       0x2e ./Middlewares/Third_Party/FreeRTOS/Source/CMSIS_RTOS/cmsis_os.o
 .text.osKernelStart
                0x000000000801184a        0xe ./Middlewares/Third_Party/FreeRTOS/Source/CMSIS_RTOS/cmsis_os.o
                0x000000000801184a                osKernelStart
 .text.osThreadCreate
                0x0000000008011858       0x98 ./Middlewares/Third_Party/FreeRTOS/Source/CMSIS_RTOS/cmsis_os.o
                0x0000000008011858                osThreadCreate
 .text.osDelay  0x00000000080118f0       0x28 ./Middlewares/Third_Party/FreeRTOS/Source/CMSIS_RTOS/cmsis_os.o
                0x00000000080118f0                osDelay
 .text.osSemaphoreCreate
                0x0000000008011918       0x64 ./Middlewares/Third_Party/FreeRTOS/Source/CMSIS_RTOS/cmsis_os.o
                0x0000000008011918                osSemaphoreCreate
 .text.xEventGroupCreate
                0x000000000801197c       0x34 ./Middlewares/Third_Party/FreeRTOS/Source/event_groups.o
                0x000000000801197c                xEventGroupCreate
 .text.xEventGroupWaitBits
                0x00000000080119b0      0x19c ./Middlewares/Third_Party/FreeRTOS/Source/event_groups.o
                0x00000000080119b0                xEventGroupWaitBits
 .text.xEventGroupClearBits
                0x0000000008011b4c       0x70 ./Middlewares/Third_Party/FreeRTOS/Source/event_groups.o
                0x0000000008011b4c                xEventGroupClearBits
 .text.xEventGroupSetBits
                0x0000000008011bbc      0x116 ./Middlewares/Third_Party/FreeRTOS/Source/event_groups.o
                0x0000000008011bbc                xEventGroupSetBits
 .text.prvTestWaitCondition
                0x0000000008011cd2       0x42 ./Middlewares/Third_Party/FreeRTOS/Source/event_groups.o
 .text.vListInitialise
                0x0000000008011d14       0x3e ./Middlewares/Third_Party/FreeRTOS/Source/list.o
                0x0000000008011d14                vListInitialise
 .text.vListInitialiseItem
                0x0000000008011d52       0x18 ./Middlewares/Third_Party/FreeRTOS/Source/list.o
                0x0000000008011d52                vListInitialiseItem
 .text.vListInsertEnd
                0x0000000008011d6a       0x46 ./Middlewares/Third_Party/FreeRTOS/Source/list.o
                0x0000000008011d6a                vListInsertEnd
 .text.vListInsert
                0x0000000008011db0       0x70 ./Middlewares/Third_Party/FreeRTOS/Source/list.o
                0x0000000008011db0                vListInsert
 .text.uxListRemove
                0x0000000008011e20       0x52 ./Middlewares/Third_Party/FreeRTOS/Source/list.o
                0x0000000008011e20                uxListRemove
 *fill*         0x0000000008011e72        0x2 
 .text.xQueueGenericReset
                0x0000000008011e74       0xd0 ./Middlewares/Third_Party/FreeRTOS/Source/queue.o
                0x0000000008011e74                xQueueGenericReset
 .text.xQueueGenericCreateStatic
                0x0000000008011f44       0xee ./Middlewares/Third_Party/FreeRTOS/Source/queue.o
                0x0000000008011f44                xQueueGenericCreateStatic
 .text.xQueueGenericCreate
                0x0000000008012032       0x7c ./Middlewares/Third_Party/FreeRTOS/Source/queue.o
                0x0000000008012032                xQueueGenericCreate
 .text.prvInitialiseNewQueue
                0x00000000080120ae       0x3e ./Middlewares/Third_Party/FreeRTOS/Source/queue.o
 .text.xQueueGenericSend
                0x00000000080120ec      0x1fc ./Middlewares/Third_Party/FreeRTOS/Source/queue.o
                0x00000000080120ec                xQueueGenericSend
 .text.xQueueGiveFromISR
                0x00000000080122e8      0x11a ./Middlewares/Third_Party/FreeRTOS/Source/queue.o
                0x00000000080122e8                xQueueGiveFromISR
 *fill*         0x0000000008012402        0x2 
 .text.xQueueSemaphoreTake
                0x0000000008012404      0x218 ./Middlewares/Third_Party/FreeRTOS/Source/queue.o
                0x0000000008012404                xQueueSemaphoreTake
 .text.prvGetDisinheritPriorityAfterTimeout
                0x000000000801261c       0x2e ./Middlewares/Third_Party/FreeRTOS/Source/queue.o
 .text.prvCopyDataToQueue
                0x000000000801264a       0xd4 ./Middlewares/Third_Party/FreeRTOS/Source/queue.o
 .text.prvUnlockQueue
                0x000000000801271e       0xa4 ./Middlewares/Third_Party/FreeRTOS/Source/queue.o
 .text.prvIsQueueEmpty
                0x00000000080127c2       0x2c ./Middlewares/Third_Party/FreeRTOS/Source/queue.o
 .text.prvIsQueueFull
                0x00000000080127ee       0x30 ./Middlewares/Third_Party/FreeRTOS/Source/queue.o
 .text.xTaskCreateStatic
                0x000000000801281e       0xb8 ./Middlewares/Third_Party/FreeRTOS/Source/tasks.o
                0x000000000801281e                xTaskCreateStatic
 .text.xTaskCreate
                0x00000000080128d6       0x8a ./Middlewares/Third_Party/FreeRTOS/Source/tasks.o
                0x00000000080128d6                xTaskCreate
 .text.prvInitialiseNewTask
                0x0000000008012960      0x13c ./Middlewares/Third_Party/FreeRTOS/Source/tasks.o
 .text.prvAddNewTaskToReadyList
                0x0000000008012a9c       0xd4 ./Middlewares/Third_Party/FreeRTOS/Source/tasks.o
 .text.vTaskDelay
                0x0000000008012b70       0x68 ./Middlewares/Third_Party/FreeRTOS/Source/tasks.o
                0x0000000008012b70                vTaskDelay
 .text.vTaskStartScheduler
                0x0000000008012bd8       0xd4 ./Middlewares/Third_Party/FreeRTOS/Source/tasks.o
                0x0000000008012bd8                vTaskStartScheduler
 .text.vTaskSuspendAll
                0x0000000008012cac       0x1c ./Middlewares/Third_Party/FreeRTOS/Source/tasks.o
                0x0000000008012cac                vTaskSuspendAll
 .text.xTaskResumeAll
                0x0000000008012cc8      0x138 ./Middlewares/Third_Party/FreeRTOS/Source/tasks.o
                0x0000000008012cc8                xTaskResumeAll
 .text.xTaskIncrementTick
                0x0000000008012e00      0x17c ./Middlewares/Third_Party/FreeRTOS/Source/tasks.o
                0x0000000008012e00                xTaskIncrementTick
 .text.vTaskSwitchContext
                0x0000000008012f7c       0xc4 ./Middlewares/Third_Party/FreeRTOS/Source/tasks.o
                0x0000000008012f7c                vTaskSwitchContext
 .text.vTaskPlaceOnEventList
                0x0000000008013040       0x48 ./Middlewares/Third_Party/FreeRTOS/Source/tasks.o
                0x0000000008013040                vTaskPlaceOnEventList
 .text.vTaskPlaceOnUnorderedEventList
                0x0000000008013088       0x78 ./Middlewares/Third_Party/FreeRTOS/Source/tasks.o
                0x0000000008013088                vTaskPlaceOnUnorderedEventList
 .text.xTaskRemoveFromEventList
                0x0000000008013100       0xc4 ./Middlewares/Third_Party/FreeRTOS/Source/tasks.o
                0x0000000008013100                xTaskRemoveFromEventList
 .text.vTaskRemoveFromUnorderedEventList
                0x00000000080131c4       0xc4 ./Middlewares/Third_Party/FreeRTOS/Source/tasks.o
                0x00000000080131c4                vTaskRemoveFromUnorderedEventList
 .text.vTaskInternalSetTimeOutState
                0x0000000008013288       0x2c ./Middlewares/Third_Party/FreeRTOS/Source/tasks.o
                0x0000000008013288                vTaskInternalSetTimeOutState
 .text.xTaskCheckForTimeOut
                0x00000000080132b4       0xc4 ./Middlewares/Third_Party/FreeRTOS/Source/tasks.o
                0x00000000080132b4                xTaskCheckForTimeOut
 .text.vTaskMissedYield
                0x0000000008013378       0x18 ./Middlewares/Third_Party/FreeRTOS/Source/tasks.o
                0x0000000008013378                vTaskMissedYield
 .text.prvIdleTask
                0x0000000008013390       0x34 ./Middlewares/Third_Party/FreeRTOS/Source/tasks.o
 .text.prvInitialiseTaskLists
                0x00000000080133c4       0x80 ./Middlewares/Third_Party/FreeRTOS/Source/tasks.o
 .text.prvCheckTasksWaitingTermination
                0x0000000008013444       0x5c ./Middlewares/Third_Party/FreeRTOS/Source/tasks.o
 .text.prvTaskCheckFreeStackSpace
                0x00000000080134a0       0x36 ./Middlewares/Third_Party/FreeRTOS/Source/tasks.o
 *fill*         0x00000000080134d6        0x2 
 .text.uxTaskGetStackHighWaterMark
                0x00000000080134d8       0x38 ./Middlewares/Third_Party/FreeRTOS/Source/tasks.o
                0x00000000080134d8                uxTaskGetStackHighWaterMark
 .text.prvDeleteTCB
                0x0000000008013510       0x68 ./Middlewares/Third_Party/FreeRTOS/Source/tasks.o
 .text.prvResetNextTaskUnblockTime
                0x0000000008013578       0x48 ./Middlewares/Third_Party/FreeRTOS/Source/tasks.o
 .text.xTaskGetSchedulerState
                0x00000000080135c0       0x3c ./Middlewares/Third_Party/FreeRTOS/Source/tasks.o
                0x00000000080135c0                xTaskGetSchedulerState
 .text.xTaskPriorityInherit
                0x00000000080135fc      0x10c ./Middlewares/Third_Party/FreeRTOS/Source/tasks.o
                0x00000000080135fc                xTaskPriorityInherit
 .text.xTaskPriorityDisinherit
                0x0000000008013708      0x10c ./Middlewares/Third_Party/FreeRTOS/Source/tasks.o
                0x0000000008013708                xTaskPriorityDisinherit
 .text.vTaskPriorityDisinheritAfterTimeout
                0x0000000008013814      0x140 ./Middlewares/Third_Party/FreeRTOS/Source/tasks.o
                0x0000000008013814                vTaskPriorityDisinheritAfterTimeout
 .text.uxTaskResetEventItemValue
                0x0000000008013954       0x30 ./Middlewares/Third_Party/FreeRTOS/Source/tasks.o
                0x0000000008013954                uxTaskResetEventItemValue
 .text.pvTaskIncrementMutexHeldCount
                0x0000000008013984       0x28 ./Middlewares/Third_Party/FreeRTOS/Source/tasks.o
                0x0000000008013984                pvTaskIncrementMutexHeldCount
 .text.prvAddCurrentTaskToDelayedList
                0x00000000080139ac       0xcc ./Middlewares/Third_Party/FreeRTOS/Source/tasks.o
 .text.pxPortInitialiseStack
                0x0000000008013a78       0x58 ./Middlewares/Third_Party/FreeRTOS/Source/portable/GCC/ARM_CM3/port.o
                0x0000000008013a78                pxPortInitialiseStack
 .text.prvTaskExitError
                0x0000000008013ad0       0x58 ./Middlewares/Third_Party/FreeRTOS/Source/portable/GCC/ARM_CM3/port.o
 *fill*         0x0000000008013b28        0x8 
 .text.SVC_Handler
                0x0000000008013b30       0x28 ./Middlewares/Third_Party/FreeRTOS/Source/portable/GCC/ARM_CM3/port.o
                0x0000000008013b30                SVC_Handler
 .text.prvPortStartFirstTask
                0x0000000008013b58       0x20 ./Middlewares/Third_Party/FreeRTOS/Source/portable/GCC/ARM_CM3/port.o
 .text.xPortStartScheduler
                0x0000000008013b78       0xe4 ./Middlewares/Third_Party/FreeRTOS/Source/portable/GCC/ARM_CM3/port.o
                0x0000000008013b78                xPortStartScheduler
 .text.vPortEnterCritical
                0x0000000008013c5c       0x60 ./Middlewares/Third_Party/FreeRTOS/Source/portable/GCC/ARM_CM3/port.o
                0x0000000008013c5c                vPortEnterCritical
 .text.vPortExitCritical
                0x0000000008013cbc       0x50 ./Middlewares/Third_Party/FreeRTOS/Source/portable/GCC/ARM_CM3/port.o
                0x0000000008013cbc                vPortExitCritical
 *fill*         0x0000000008013d0c        0x4 
 .text.PendSV_Handler
                0x0000000008013d10       0x48 ./Middlewares/Third_Party/FreeRTOS/Source/portable/GCC/ARM_CM3/port.o
                0x0000000008013d10                PendSV_Handler
 .text.xPortSysTickHandler
                0x0000000008013d58       0x44 ./Middlewares/Third_Party/FreeRTOS/Source/portable/GCC/ARM_CM3/port.o
                0x0000000008013d58                xPortSysTickHandler
 .text.vPortSetupTimerInterrupt
                0x0000000008013d9c       0x44 ./Middlewares/Third_Party/FreeRTOS/Source/portable/GCC/ARM_CM3/port.o
                0x0000000008013d9c                vPortSetupTimerInterrupt
 .text.vPortValidateInterruptPriority
                0x0000000008013de0       0x7c ./Middlewares/Third_Party/FreeRTOS/Source/portable/GCC/ARM_CM3/port.o
                0x0000000008013de0                vPortValidateInterruptPriority
 .text.pvPortMalloc
                0x0000000008013e5c      0x188 ./Middlewares/Third_Party/FreeRTOS/Source/portable/MemMang/heap_4.o
                0x0000000008013e5c                pvPortMalloc
 .text.vPortFree
                0x0000000008013fe4       0xb4 ./Middlewares/Third_Party/FreeRTOS/Source/portable/MemMang/heap_4.o
                0x0000000008013fe4                vPortFree
 .text.prvHeapInit
                0x0000000008014098       0xc4 ./Middlewares/Third_Party/FreeRTOS/Source/portable/MemMang/heap_4.o
 .text.prvInsertBlockIntoFreeList
                0x000000000801415c       0xb0 ./Middlewares/Third_Party/FreeRTOS/Source/portable/MemMang/heap_4.o
 .text.atoi     0x000000000801420c        0x8 c:/st/stm32cubeide_1.12.1/stm32cubeide/plugins/com.st.stm32cube.ide.mcu.externaltools.gnu-tools-for-stm32.10.3-2021.10.win32_1.0.200.202301161003/tools/bin/../lib/gcc/arm-none-eabi/10.3.1/../../../../arm-none-eabi/lib/thumb/v7-m/nofp\libc_nano.a(lib_a-atoi.o)
                0x000000000801420c                atoi
 .text.__errno  0x0000000008014214        0xc c:/st/stm32cubeide_1.12.1/stm32cubeide/plugins/com.st.stm32cube.ide.mcu.externaltools.gnu-tools-for-stm32.10.3-2021.10.win32_1.0.200.202301161003/tools/bin/../lib/gcc/arm-none-eabi/10.3.1/../../../../arm-none-eabi/lib/thumb/v7-m/nofp\libc_nano.a(lib_a-errno.o)
                0x0000000008014214                __errno
 .text.__libc_init_array
                0x0000000008014220       0x48 c:/st/stm32cubeide_1.12.1/stm32cubeide/plugins/com.st.stm32cube.ide.mcu.externaltools.gnu-tools-for-stm32.10.3-2021.10.win32_1.0.200.202301161003/tools/bin/../lib/gcc/arm-none-eabi/10.3.1/../../../../arm-none-eabi/lib/thumb/v7-m/nofp\libc_nano.a(lib_a-init.o)
                0x0000000008014220                __libc_init_array
 .text.__retarget_lock_acquire_recursive
                0x0000000008014268        0x2 c:/st/stm32cubeide_1.12.1/stm32cubeide/plugins/com.st.stm32cube.ide.mcu.externaltools.gnu-tools-for-stm32.10.3-2021.10.win32_1.0.200.202301161003/tools/bin/../lib/gcc/arm-none-eabi/10.3.1/../../../../arm-none-eabi/lib/thumb/v7-m/nofp\libc_nano.a(lib_a-lock.o)
                0x0000000008014268                __retarget_lock_acquire_recursive
 .text.__retarget_lock_release_recursive
                0x000000000801426a        0x2 c:/st/stm32cubeide_1.12.1/stm32cubeide/plugins/com.st.stm32cube.ide.mcu.externaltools.gnu-tools-for-stm32.10.3-2021.10.win32_1.0.200.202301161003/tools/bin/../lib/gcc/arm-none-eabi/10.3.1/../../../../arm-none-eabi/lib/thumb/v7-m/nofp\libc_nano.a(lib_a-lock.o)
                0x000000000801426a                __retarget_lock_release_recursive
 .text.malloc   0x000000000801426c       0x10 c:/st/stm32cubeide_1.12.1/stm32cubeide/plugins/com.st.stm32cube.ide.mcu.externaltools.gnu-tools-for-stm32.10.3-2021.10.win32_1.0.200.202301161003/tools/bin/../lib/gcc/arm-none-eabi/10.3.1/../../../../arm-none-eabi/lib/thumb/v7-m/nofp\libc_nano.a(lib_a-malloc.o)
                0x000000000801426c                malloc
 .text.memcpy   0x000000000801427c       0x1c c:/st/stm32cubeide_1.12.1/stm32cubeide/plugins/com.st.stm32cube.ide.mcu.externaltools.gnu-tools-for-stm32.10.3-2021.10.win32_1.0.200.202301161003/tools/bin/../lib/gcc/arm-none-eabi/10.3.1/../../../../arm-none-eabi/lib/thumb/v7-m/nofp\libc_nano.a(lib_a-memcpy-stub.o)
                0x000000000801427c                memcpy
 .text.memset   0x0000000008014298       0x10 c:/st/stm32cubeide_1.12.1/stm32cubeide/plugins/com.st.stm32cube.ide.mcu.externaltools.gnu-tools-for-stm32.10.3-2021.10.win32_1.0.200.202301161003/tools/bin/../lib/gcc/arm-none-eabi/10.3.1/../../../../arm-none-eabi/lib/thumb/v7-m/nofp\libc_nano.a(lib_a-memset.o)
                0x0000000008014298                memset
 .text._free_r  0x00000000080142a8       0x90 c:/st/stm32cubeide_1.12.1/stm32cubeide/plugins/com.st.stm32cube.ide.mcu.externaltools.gnu-tools-for-stm32.10.3-2021.10.win32_1.0.200.202301161003/tools/bin/../lib/gcc/arm-none-eabi/10.3.1/../../../../arm-none-eabi/lib/thumb/v7-m/nofp\libc_nano.a(lib_a-nano-freer.o)
                0x00000000080142a8                _free_r
 .text.sbrk_aligned
                0x0000000008014338       0x40 c:/st/stm32cubeide_1.12.1/stm32cubeide/plugins/com.st.stm32cube.ide.mcu.externaltools.gnu-tools-for-stm32.10.3-2021.10.win32_1.0.200.202301161003/tools/bin/../lib/gcc/arm-none-eabi/10.3.1/../../../../arm-none-eabi/lib/thumb/v7-m/nofp\libc_nano.a(lib_a-nano-mallocr.o)
 .text._malloc_r
                0x0000000008014378       0xe8 c:/st/stm32cubeide_1.12.1/stm32cubeide/plugins/com.st.stm32cube.ide.mcu.externaltools.gnu-tools-for-stm32.10.3-2021.10.win32_1.0.200.202301161003/tools/bin/../lib/gcc/arm-none-eabi/10.3.1/../../../../arm-none-eabi/lib/thumb/v7-m/nofp\libc_nano.a(lib_a-nano-mallocr.o)
                0x0000000008014378                _malloc_r
 .text.cleanup_glue
                0x0000000008014460       0x1a c:/st/stm32cubeide_1.12.1/stm32cubeide/plugins/com.st.stm32cube.ide.mcu.externaltools.gnu-tools-for-stm32.10.3-2021.10.win32_1.0.200.202301161003/tools/bin/../lib/gcc/arm-none-eabi/10.3.1/../../../../arm-none-eabi/lib/thumb/v7-m/nofp\libc_nano.a(lib_a-reent.o)
                0x0000000008014460                cleanup_glue
 *fill*         0x000000000801447a        0x2 
 .text._reclaim_reent
                0x000000000801447c       0xb8 c:/st/stm32cubeide_1.12.1/stm32cubeide/plugins/com.st.stm32cube.ide.mcu.externaltools.gnu-tools-for-stm32.10.3-2021.10.win32_1.0.200.202301161003/tools/bin/../lib/gcc/arm-none-eabi/10.3.1/../../../../arm-none-eabi/lib/thumb/v7-m/nofp\libc_nano.a(lib_a-reent.o)
                0x000000000801447c                _reclaim_reent
 .text._sbrk_r  0x0000000008014534       0x20 c:/st/stm32cubeide_1.12.1/stm32cubeide/plugins/com.st.stm32cube.ide.mcu.externaltools.gnu-tools-for-stm32.10.3-2021.10.win32_1.0.200.202301161003/tools/bin/../lib/gcc/arm-none-eabi/10.3.1/../../../../arm-none-eabi/lib/thumb/v7-m/nofp\libc_nano.a(lib_a-sbrkr.o)
                0x0000000008014534                _sbrk_r
 .text.sprintf  0x0000000008014554       0x40 c:/st/stm32cubeide_1.12.1/stm32cubeide/plugins/com.st.stm32cube.ide.mcu.externaltools.gnu-tools-for-stm32.10.3-2021.10.win32_1.0.200.202301161003/tools/bin/../lib/gcc/arm-none-eabi/10.3.1/../../../../arm-none-eabi/lib/thumb/v7-m/nofp\libc_nano.a(lib_a-sprintf.o)
                0x0000000008014554                siprintf
                0x0000000008014554                sprintf
 .text.strchr   0x0000000008014594       0x1a c:/st/stm32cubeide_1.12.1/stm32cubeide/plugins/com.st.stm32cube.ide.mcu.externaltools.gnu-tools-for-stm32.10.3-2021.10.win32_1.0.200.202301161003/tools/bin/../lib/gcc/arm-none-eabi/10.3.1/../../../../arm-none-eabi/lib/thumb/v7-m/nofp\libc_nano.a(lib_a-strchr.o)
                0x0000000008014594                strchr
 .text.strstr   0x00000000080145ae       0x2c c:/st/stm32cubeide_1.12.1/stm32cubeide/plugins/com.st.stm32cube.ide.mcu.externaltools.gnu-tools-for-stm32.10.3-2021.10.win32_1.0.200.202301161003/tools/bin/../lib/gcc/arm-none-eabi/10.3.1/../../../../arm-none-eabi/lib/thumb/v7-m/nofp\libc_nano.a(lib_a-strstr.o)
                0x00000000080145ae                strstr
 *fill*         0x00000000080145da        0x2 
 .text._strtol_l.constprop.0
                0x00000000080145dc       0xf8 c:/st/stm32cubeide_1.12.1/stm32cubeide/plugins/com.st.stm32cube.ide.mcu.externaltools.gnu-tools-for-stm32.10.3-2021.10.win32_1.0.200.202301161003/tools/bin/../lib/gcc/arm-none-eabi/10.3.1/../../../../arm-none-eabi/lib/thumb/v7-m/nofp\libc_nano.a(lib_a-strtol.o)
 .text.strtol   0x00000000080146d4       0x14 c:/st/stm32cubeide_1.12.1/stm32cubeide/plugins/com.st.stm32cube.ide.mcu.externaltools.gnu-tools-for-stm32.10.3-2021.10.win32_1.0.200.202301161003/tools/bin/../lib/gcc/arm-none-eabi/10.3.1/../../../../arm-none-eabi/lib/thumb/v7-m/nofp\libc_nano.a(lib_a-strtol.o)
                0x00000000080146d4                strtol
 .text.__malloc_lock
                0x00000000080146e8        0xc c:/st/stm32cubeide_1.12.1/stm32cubeide/plugins/com.st.stm32cube.ide.mcu.externaltools.gnu-tools-for-stm32.10.3-2021.10.win32_1.0.200.202301161003/tools/bin/../lib/gcc/arm-none-eabi/10.3.1/../../../../arm-none-eabi/lib/thumb/v7-m/nofp\libc_nano.a(lib_a-mlock.o)
                0x00000000080146e8                __malloc_lock
 .text.__malloc_unlock
                0x00000000080146f4        0xc c:/st/stm32cubeide_1.12.1/stm32cubeide/plugins/com.st.stm32cube.ide.mcu.externaltools.gnu-tools-for-stm32.10.3-2021.10.win32_1.0.200.202301161003/tools/bin/../lib/gcc/arm-none-eabi/10.3.1/../../../../arm-none-eabi/lib/thumb/v7-m/nofp\libc_nano.a(lib_a-mlock.o)
                0x00000000080146f4                __malloc_unlock
 .text.__ssputs_r
                0x0000000008014700       0xb6 c:/st/stm32cubeide_1.12.1/stm32cubeide/plugins/com.st.stm32cube.ide.mcu.externaltools.gnu-tools-for-stm32.10.3-2021.10.win32_1.0.200.202301161003/tools/bin/../lib/gcc/arm-none-eabi/10.3.1/../../../../arm-none-eabi/lib/thumb/v7-m/nofp\libc_nano.a(lib_a-nano-svfprintf.o)
                0x0000000008014700                __ssputs_r
 *fill*         0x00000000080147b6        0x2 
 .text._svfprintf_r
                0x00000000080147b8      0x200 c:/st/stm32cubeide_1.12.1/stm32cubeide/plugins/com.st.stm32cube.ide.mcu.externaltools.gnu-tools-for-stm32.10.3-2021.10.win32_1.0.200.202301161003/tools/bin/../lib/gcc/arm-none-eabi/10.3.1/../../../../arm-none-eabi/lib/thumb/v7-m/nofp\libc_nano.a(lib_a-nano-svfprintf.o)
                0x00000000080147b8                _svfiprintf_r
                0x00000000080147b8                _svfprintf_r
 .text._printf_common
                0x00000000080149b8       0xde c:/st/stm32cubeide_1.12.1/stm32cubeide/plugins/com.st.stm32cube.ide.mcu.externaltools.gnu-tools-for-stm32.10.3-2021.10.win32_1.0.200.202301161003/tools/bin/../lib/gcc/arm-none-eabi/10.3.1/../../../../arm-none-eabi/lib/thumb/v7-m/nofp\libc_nano.a(lib_a-nano-vfprintf_i.o)
                0x00000000080149b8                _printf_common
 *fill*         0x0000000008014a96        0x2 
 .text._printf_i
                0x0000000008014a98      0x24c c:/st/stm32cubeide_1.12.1/stm32cubeide/plugins/com.st.stm32cube.ide.mcu.externaltools.gnu-tools-for-stm32.10.3-2021.10.win32_1.0.200.202301161003/tools/bin/../lib/gcc/arm-none-eabi/10.3.1/../../../../arm-none-eabi/lib/thumb/v7-m/nofp\libc_nano.a(lib_a-nano-vfprintf_i.o)
                0x0000000008014a98                _printf_i
 .text.memchr   0x0000000008014ce4       0x1c c:/st/stm32cubeide_1.12.1/stm32cubeide/plugins/com.st.stm32cube.ide.mcu.externaltools.gnu-tools-for-stm32.10.3-2021.10.win32_1.0.200.202301161003/tools/bin/../lib/gcc/arm-none-eabi/10.3.1/../../../../arm-none-eabi/lib/thumb/v7-m/nofp\libc_nano.a(lib_a-memchr-stub.o)
                0x0000000008014ce4                memchr
 .text.memmove  0x0000000008014d00       0x34 c:/st/stm32cubeide_1.12.1/stm32cubeide/plugins/com.st.stm32cube.ide.mcu.externaltools.gnu-tools-for-stm32.10.3-2021.10.win32_1.0.200.202301161003/tools/bin/../lib/gcc/arm-none-eabi/10.3.1/../../../../arm-none-eabi/lib/thumb/v7-m/nofp\libc_nano.a(lib_a-memmove.o)
                0x0000000008014d00                memmove
 .text._realloc_r
                0x0000000008014d34       0x5e c:/st/stm32cubeide_1.12.1/stm32cubeide/plugins/com.st.stm32cube.ide.mcu.externaltools.gnu-tools-for-stm32.10.3-2021.10.win32_1.0.200.202301161003/tools/bin/../lib/gcc/arm-none-eabi/10.3.1/../../../../arm-none-eabi/lib/thumb/v7-m/nofp\libc_nano.a(lib_a-nano-reallocr.o)
                0x0000000008014d34                _realloc_r
 .text._malloc_usable_size_r
                0x0000000008014d92       0x10 c:/st/stm32cubeide_1.12.1/stm32cubeide/plugins/com.st.stm32cube.ide.mcu.externaltools.gnu-tools-for-stm32.10.3-2021.10.win32_1.0.200.202301161003/tools/bin/../lib/gcc/arm-none-eabi/10.3.1/../../../../arm-none-eabi/lib/thumb/v7-m/nofp\libc_nano.a(lib_a-nano-msizer.o)
                0x0000000008014d92                _malloc_usable_size_r
 *(.glue_7)
 .glue_7        0x0000000008014da2        0x0 linker stubs
 *(.glue_7t)
 .glue_7t       0x0000000008014da2        0x0 linker stubs
 *(.eh_frame)
 *fill*         0x0000000008014da2        0x2 
 .eh_frame      0x0000000008014da4        0x0 c:/st/stm32cubeide_1.12.1/stm32cubeide/plugins/com.st.stm32cube.ide.mcu.externaltools.gnu-tools-for-stm32.10.3-2021.10.win32_1.0.200.202301161003/tools/bin/../lib/gcc/arm-none-eabi/10.3.1/thumb/v7-m/nofp/crtbegin.o
 *(.init)
 .init          0x0000000008014da4        0x4 c:/st/stm32cubeide_1.12.1/stm32cubeide/plugins/com.st.stm32cube.ide.mcu.externaltools.gnu-tools-for-stm32.10.3-2021.10.win32_1.0.200.202301161003/tools/bin/../lib/gcc/arm-none-eabi/10.3.1/thumb/v7-m/nofp/crti.o
                0x0000000008014da4                _init
 .init          0x0000000008014da8        0x8 c:/st/stm32cubeide_1.12.1/stm32cubeide/plugins/com.st.stm32cube.ide.mcu.externaltools.gnu-tools-for-stm32.10.3-2021.10.win32_1.0.200.202301161003/tools/bin/../lib/gcc/arm-none-eabi/10.3.1/thumb/v7-m/nofp/crtn.o
 *(.fini)
 .fini          0x0000000008014db0        0x4 c:/st/stm32cubeide_1.12.1/stm32cubeide/plugins/com.st.stm32cube.ide.mcu.externaltools.gnu-tools-for-stm32.10.3-2021.10.win32_1.0.200.202301161003/tools/bin/../lib/gcc/arm-none-eabi/10.3.1/thumb/v7-m/nofp/crti.o
                0x0000000008014db0                _fini
 .fini          0x0000000008014db4        0x8 c:/st/stm32cubeide_1.12.1/stm32cubeide/plugins/com.st.stm32cube.ide.mcu.externaltools.gnu-tools-for-stm32.10.3-2021.10.win32_1.0.200.202301161003/tools/bin/../lib/gcc/arm-none-eabi/10.3.1/thumb/v7-m/nofp/crtn.o
                0x0000000008014dbc                . = ALIGN (0x4)
                0x0000000008014dbc                _etext = .

.vfp11_veneer   0x0000000008014dbc        0x0
 .vfp11_veneer  0x0000000008014dbc        0x0 linker stubs

.v4_bx          0x0000000008014dbc        0x0
 .v4_bx         0x0000000008014dbc        0x0 linker stubs

.iplt           0x0000000008014dbc        0x0
 .iplt          0x0000000008014dbc        0x0 c:/st/stm32cubeide_1.12.1/stm32cubeide/plugins/com.st.stm32cube.ide.mcu.externaltools.gnu-tools-for-stm32.10.3-2021.10.win32_1.0.200.202301161003/tools/bin/../lib/gcc/arm-none-eabi/10.3.1/thumb/v7-m/nofp/crtbegin.o

.rodata         0x0000000008014dbc      0x468
                0x0000000008014dbc                . = ALIGN (0x4)
 *(.rodata)
 .rodata        0x0000000008014dbc       0x17 ./Core/Src/geotextLib.o
 *fill*         0x0000000008014dd3        0x1 
 .rodata        0x0000000008014dd4       0x10 ./Core/Src/liquidcrystal_i2c.o
 .rodata        0x0000000008014de4       0xf0 ./Core/Src/main.o
 .rodata        0x0000000008014ed4       0x2d ./Core/Src/quectel_commands_shortand.o
 *fill*         0x0000000008014f01        0x3 
 .rodata        0x0000000008014f04      0x140 ./Core/Src/rc522.o
 .rodata        0x0000000008015044       0x18 ./Core/Src/switchSounds.o
 .rodata        0x000000000801505c        0x5 ./Middlewares/Third_Party/FreeRTOS/Source/tasks.o
 *(.rodata*)
 *fill*         0x0000000008015061        0x3 
 .rodata.AHBPrescTable
                0x0000000008015064       0x10 ./Core/Src/system_stm32f1xx.o
                0x0000000008015064                AHBPrescTable
 .rodata.APBPrescTable
                0x0000000008015074        0x8 ./Core/Src/system_stm32f1xx.o
                0x0000000008015074                APBPrescTable
 .rodata.aPLLMULFactorTable.1
                0x000000000801507c       0x10 ./Drivers/STM32F1xx_HAL_Driver/Src/stm32f1xx_hal_rcc.o
 .rodata.aPredivFactorTable.0
                0x000000000801508c        0x2 ./Drivers/STM32F1xx_HAL_Driver/Src/stm32f1xx_hal_rcc.o
 *fill*         0x000000000801508e        0x2 
 .rodata.__sf_fake_stderr
                0x0000000008015090       0x20 c:/st/stm32cubeide_1.12.1/stm32cubeide/plugins/com.st.stm32cube.ide.mcu.externaltools.gnu-tools-for-stm32.10.3-2021.10.win32_1.0.200.202301161003/tools/bin/../lib/gcc/arm-none-eabi/10.3.1/../../../../arm-none-eabi/lib/thumb/v7-m/nofp\libc_nano.a(lib_a-findfp.o)
                0x0000000008015090                __sf_fake_stderr
 .rodata.__sf_fake_stdin
                0x00000000080150b0       0x20 c:/st/stm32cubeide_1.12.1/stm32cubeide/plugins/com.st.stm32cube.ide.mcu.externaltools.gnu-tools-for-stm32.10.3-2021.10.win32_1.0.200.202301161003/tools/bin/../lib/gcc/arm-none-eabi/10.3.1/../../../../arm-none-eabi/lib/thumb/v7-m/nofp\libc_nano.a(lib_a-findfp.o)
                0x00000000080150b0                __sf_fake_stdin
 .rodata.__sf_fake_stdout
                0x00000000080150d0       0x20 c:/st/stm32cubeide_1.12.1/stm32cubeide/plugins/com.st.stm32cube.ide.mcu.externaltools.gnu-tools-for-stm32.10.3-2021.10.win32_1.0.200.202301161003/tools/bin/../lib/gcc/arm-none-eabi/10.3.1/../../../../arm-none-eabi/lib/thumb/v7-m/nofp\libc_nano.a(lib_a-findfp.o)
                0x00000000080150d0                __sf_fake_stdout
 .rodata._ctype_
                0x00000000080150f0      0x101 c:/st/stm32cubeide_1.12.1/stm32cubeide/plugins/com.st.stm32cube.ide.mcu.externaltools.gnu-tools-for-stm32.10.3-2021.10.win32_1.0.200.202301161003/tools/bin/../lib/gcc/arm-none-eabi/10.3.1/../../../../arm-none-eabi/lib/thumb/v7-m/nofp\libc_nano.a(lib_a-ctype_.o)
                0x00000000080150f0                _ctype_
 .rodata._svfprintf_r.str1.1
                0x00000000080151f1       0x11 c:/st/stm32cubeide_1.12.1/stm32cubeide/plugins/com.st.stm32cube.ide.mcu.externaltools.gnu-tools-for-stm32.10.3-2021.10.win32_1.0.200.202301161003/tools/bin/../lib/gcc/arm-none-eabi/10.3.1/../../../../arm-none-eabi/lib/thumb/v7-m/nofp\libc_nano.a(lib_a-nano-svfprintf.o)
 .rodata._printf_i.str1.1
                0x0000000008015202       0x22 c:/st/stm32cubeide_1.12.1/stm32cubeide/plugins/com.st.stm32cube.ide.mcu.externaltools.gnu-tools-for-stm32.10.3-2021.10.win32_1.0.200.202301161003/tools/bin/../lib/gcc/arm-none-eabi/10.3.1/../../../../arm-none-eabi/lib/thumb/v7-m/nofp\libc_nano.a(lib_a-nano-vfprintf_i.o)
                0x0000000008015224                . = ALIGN (0x4)

.ARM.extab      0x0000000008015224        0x0
                0x0000000008015224                . = ALIGN (0x4)
 *(.ARM.extab* .gnu.linkonce.armextab.*)
                0x0000000008015224                . = ALIGN (0x4)

.ARM            0x0000000008015224        0x8
                0x0000000008015224                . = ALIGN (0x4)
                0x0000000008015224                __exidx_start = .
 *(.ARM.exidx*)
 .ARM.exidx     0x0000000008015224        0x8 c:/st/stm32cubeide_1.12.1/stm32cubeide/plugins/com.st.stm32cube.ide.mcu.externaltools.gnu-tools-for-stm32.10.3-2021.10.win32_1.0.200.202301161003/tools/bin/../lib/gcc/arm-none-eabi/10.3.1/thumb/v7-m/nofp\libgcc.a(_udivmoddi4.o)
                0x000000000801522c                __exidx_end = .
                0x000000000801522c                . = ALIGN (0x4)

.rel.dyn        0x000000000801522c        0x0
 .rel.iplt      0x000000000801522c        0x0 c:/st/stm32cubeide_1.12.1/stm32cubeide/plugins/com.st.stm32cube.ide.mcu.externaltools.gnu-tools-for-stm32.10.3-2021.10.win32_1.0.200.202301161003/tools/bin/../lib/gcc/arm-none-eabi/10.3.1/thumb/v7-m/nofp/crtbegin.o

.preinit_array  0x000000000801522c        0x0
                0x000000000801522c                . = ALIGN (0x4)
                0x000000000801522c                PROVIDE (__preinit_array_start = .)
 *(.preinit_array*)
                0x000000000801522c                PROVIDE (__preinit_array_end = .)
                0x000000000801522c                . = ALIGN (0x4)

.init_array     0x000000000801522c        0x4
                0x000000000801522c                . = ALIGN (0x4)
                0x000000000801522c                PROVIDE (__init_array_start = .)
 *(SORT_BY_NAME(.init_array.*))
 *(.init_array*)
 .init_array    0x000000000801522c        0x4 c:/st/stm32cubeide_1.12.1/stm32cubeide/plugins/com.st.stm32cube.ide.mcu.externaltools.gnu-tools-for-stm32.10.3-2021.10.win32_1.0.200.202301161003/tools/bin/../lib/gcc/arm-none-eabi/10.3.1/thumb/v7-m/nofp/crtbegin.o
                0x0000000008015230                PROVIDE (__init_array_end = .)
                0x0000000008015230                . = ALIGN (0x4)

.fini_array     0x0000000008015230        0x4
                0x0000000008015230                . = ALIGN (0x4)
                [!provide]                        PROVIDE (__fini_array_start = .)
 *(SORT_BY_NAME(.fini_array.*))
 *(.fini_array*)
 .fini_array    0x0000000008015230        0x4 c:/st/stm32cubeide_1.12.1/stm32cubeide/plugins/com.st.stm32cube.ide.mcu.externaltools.gnu-tools-for-stm32.10.3-2021.10.win32_1.0.200.202301161003/tools/bin/../lib/gcc/arm-none-eabi/10.3.1/thumb/v7-m/nofp/crtbegin.o
                [!provide]                        PROVIDE (__fini_array_end = .)
                0x0000000008015234                . = ALIGN (0x4)
                0x0000000008015234                _sidata = LOADADDR (.data)

.data           0x0000000020000000       0xec load address 0x0000000008015234
                0x0000000020000000                . = ALIGN (0x4)
                0x0000000020000000                _sdata = .
 *(.data)
 *(.data*)
 .data.nGeo     0x0000000020000000        0x8 ./Core/Src/geotextLib.o
                0x0000000020000000                nGeo
 .data.sGeo     0x0000000020000008        0x8 ./Core/Src/geotextLib.o
                0x0000000020000008                sGeo
 .data.xGeo     0x0000000020000010        0x8 ./Core/Src/geotextLib.o
                0x0000000020000010                xGeo
 .data.dGeo     0x0000000020000018        0x8 ./Core/Src/geotextLib.o
                0x0000000020000018                dGeo
 .data.aGeo     0x0000000020000020        0x8 ./Core/Src/geotextLib.o
                0x0000000020000020                aGeo
 .data.bGeo     0x0000000020000028        0x8 ./Core/Src/geotextLib.o
                0x0000000020000028                bGeo
 .data.iGeo     0x0000000020000030        0x8 ./Core/Src/geotextLib.o
                0x0000000020000030                iGeo
 .data.lGeo     0x0000000020000038        0x8 ./Core/Src/geotextLib.o
                0x0000000020000038                lGeo
 .data.cGeo     0x0000000020000040        0x8 ./Core/Src/geotextLib.o
                0x0000000020000040                cGeo
 .data.tGeo     0x0000000020000048        0x8 ./Core/Src/geotextLib.o
                0x0000000020000048                tGeo
 .data.mGeo     0x0000000020000050        0x8 ./Core/Src/geotextLib.o
                0x0000000020000050                mGeo
 .data.vGeo     0x0000000020000058        0x8 ./Core/Src/geotextLib.o
                0x0000000020000058                vGeo
 .data.rGeo     0x0000000020000060        0x8 ./Core/Src/geotextLib.o
                0x0000000020000060                rGeo
 .data.eGeo     0x0000000020000068        0x8 ./Core/Src/geotextLib.o
                0x0000000020000068                eGeo
 .data.wGeo     0x0000000020000070        0x8 ./Core/Src/geotextLib.o
                0x0000000020000070                wGeo
 .data.SystemCoreClock
                0x0000000020000078        0x4 ./Core/Src/system_stm32f1xx.o
                0x0000000020000078                SystemCoreClock
 .data.uwTickPrio
                0x000000002000007c        0x4 ./Drivers/STM32F1xx_HAL_Driver/Src/stm32f1xx_hal.o
                0x000000002000007c                uwTickPrio
 .data.uwTickFreq
                0x0000000020000080        0x1 ./Drivers/STM32F1xx_HAL_Driver/Src/stm32f1xx_hal.o
                0x0000000020000080                uwTickFreq
 *fill*         0x0000000020000081        0x3 
 .data.uxCriticalNesting
                0x0000000020000084        0x4 ./Middlewares/Third_Party/FreeRTOS/Source/portable/GCC/ARM_CM3/port.o
 .data._impure_ptr
                0x0000000020000088        0x4 c:/st/stm32cubeide_1.12.1/stm32cubeide/plugins/com.st.stm32cube.ide.mcu.externaltools.gnu-tools-for-stm32.10.3-2021.10.win32_1.0.200.202301161003/tools/bin/../lib/gcc/arm-none-eabi/10.3.1/../../../../arm-none-eabi/lib/thumb/v7-m/nofp\libc_nano.a(lib_a-impure.o)
                0x0000000020000088                _impure_ptr
 .data.impure_data
                0x000000002000008c       0x60 c:/st/stm32cubeide_1.12.1/stm32cubeide/plugins/com.st.stm32cube.ide.mcu.externaltools.gnu-tools-for-stm32.10.3-2021.10.win32_1.0.200.202301161003/tools/bin/../lib/gcc/arm-none-eabi/10.3.1/../../../../arm-none-eabi/lib/thumb/v7-m/nofp\libc_nano.a(lib_a-impure.o)
 *(.RamFunc)
 *(.RamFunc*)
                0x00000000200000ec                . = ALIGN (0x4)
                0x00000000200000ec                _edata = .

.igot.plt       0x00000000200000ec        0x0 load address 0x0000000008015320
 .igot.plt      0x00000000200000ec        0x0 c:/st/stm32cubeide_1.12.1/stm32cubeide/plugins/com.st.stm32cube.ide.mcu.externaltools.gnu-tools-for-stm32.10.3-2021.10.win32_1.0.200.202301161003/tools/bin/../lib/gcc/arm-none-eabi/10.3.1/thumb/v7-m/nofp/crtbegin.o
                0x00000000200000ec                . = ALIGN (0x4)

.bss            0x00000000200000f0     0x26d4 load address 0x0000000008015320
                0x00000000200000f0                _sbss = .
                0x00000000200000f0                __bss_start__ = _sbss
 *(.bss)
 .bss           0x00000000200000f0       0x1c c:/st/stm32cubeide_1.12.1/stm32cubeide/plugins/com.st.stm32cube.ide.mcu.externaltools.gnu-tools-for-stm32.10.3-2021.10.win32_1.0.200.202301161003/tools/bin/../lib/gcc/arm-none-eabi/10.3.1/thumb/v7-m/nofp/crtbegin.o
 *(.bss*)
 .bss.xIdleTaskTCBBuffer
                0x000000002000010c       0xb4 ./Core/Src/freertos.o
 .bss.xIdleStack
                0x00000000200001c0      0x200 ./Core/Src/freertos.o
 .bss.dpFunction
                0x00000000200003c0        0x1 ./Core/Src/liquidcrystal_i2c.o
                0x00000000200003c0                dpFunction
 .bss.dpControl
                0x00000000200003c1        0x1 ./Core/Src/liquidcrystal_i2c.o
                0x00000000200003c1                dpControl
 .bss.dpMode    0x00000000200003c2        0x1 ./Core/Src/liquidcrystal_i2c.o
                0x00000000200003c2                dpMode
 .bss.dpRows    0x00000000200003c3        0x1 ./Core/Src/liquidcrystal_i2c.o
                0x00000000200003c3                dpRows
 .bss.dpBacklight
                0x00000000200003c4        0x1 ./Core/Src/liquidcrystal_i2c.o
                0x00000000200003c4                dpBacklight
 .bss.store_input_flag
                0x00000000200003c5        0x1 ./Core/Src/main.o
                0x00000000200003c5                store_input_flag
 .bss.c         0x00000000200003c6        0x1 ./Core/Src/main.o
                0x00000000200003c6                c
 *fill*         0x00000000200003c7        0x1 
 .bss.version   0x00000000200003c8        0x4 ./Core/Src/main.o
                0x00000000200003c8                version
 *fill*         0x00000000200003cc        0x4 
 .bss.terminalID
                0x00000000200003d0        0x8 ./Core/Src/main.o
                0x00000000200003d0                terminalID
 .bss.terminalStr
                0x00000000200003d8        0x4 ./Core/Src/main.o
                0x00000000200003d8                terminalStr
 .bss.MQTT_CHECK_DATA
                0x00000000200003dc       0x64 ./Core/Src/main.o
                0x00000000200003dc                MQTT_CHECK_DATA
 .bss.BUFFER    0x0000000020000440       0x32 ./Core/Src/main.o
                0x0000000020000440                BUFFER
 *fill*         0x0000000020000472        0x2 
 .bss.LENGTH_OF_CARD_DATA
                0x0000000020000474        0x4 ./Core/Src/main.o
                0x0000000020000474                LENGTH_OF_CARD_DATA
 .bss.LENGTH_OF_CHECK_DATA
                0x0000000020000478        0x4 ./Core/Src/main.o
                0x0000000020000478                LENGTH_OF_CHECK_DATA
 .bss.i         0x000000002000047c        0x4 ./Core/Src/main.o
                0x000000002000047c                i
 .bss.check     0x0000000020000480        0x4 ./Core/Src/main.o
                0x0000000020000480                check
 .bss.postData  0x0000000020000484       0xfa ./Core/Src/main.o
                0x0000000020000484                postData
 *fill*         0x000000002000057e        0x2 
 .bss.semaphore_to_enable_status_process
                0x0000000020000580        0x4 ./Core/Src/main.o
                0x0000000020000580                semaphore_to_enable_status_process
 .bss.semaphore_to_do_post
                0x0000000020000584        0x4 ./Core/Src/main.o
                0x0000000020000584                semaphore_to_do_post
 .bss.uxHighWaterMark_for_card_read
                0x0000000020000588        0x4 ./Core/Src/main.o
                0x0000000020000588                uxHighWaterMark_for_card_read
 .bss.uxHighWaterMark_for_process_status
                0x000000002000058c        0x4 ./Core/Src/main.o
                0x000000002000058c                uxHighWaterMark_for_process_status
 .bss.uxHighWaterMark_for_post_mqtt
                0x0000000020000590        0x4 ./Core/Src/main.o
                0x0000000020000590                uxHighWaterMark_for_post_mqtt
 .bss.status_event
                0x0000000020000594        0x4 ./Core/Src/main.o
                0x0000000020000594                status_event
 .bss.event_bits
                0x0000000020000598        0x4 ./Core/Src/main.o
                0x0000000020000598                event_bits
 .bss.hi2c1     0x000000002000059c       0x54 ./Core/Src/main.o
                0x000000002000059c                hi2c1
 .bss.hspi1     0x00000000200005f0       0x58 ./Core/Src/main.o
                0x00000000200005f0                hspi1
 .bss.huart1    0x0000000020000648       0x48 ./Core/Src/main.o
                0x0000000020000648                huart1
 .bss.huart2    0x0000000020000690       0x48 ./Core/Src/main.o
                0x0000000020000690                huart2
 .bss.read_cardsHandle
                0x00000000200006d8        0x4 ./Core/Src/main.o
                0x00000000200006d8                read_cardsHandle
 .bss.process_statusHandle
                0x00000000200006dc        0x4 ./Core/Src/main.o
                0x00000000200006dc                process_statusHandle
 .bss.postenabledHandle
                0x00000000200006e0        0x4 ./Core/Src/main.o
                0x00000000200006e0                postenabledHandle
 .bss.checkHandle
                0x00000000200006e4        0x4 ./Core/Src/main.o
                0x00000000200006e4                checkHandle
 .bss.semaphore_to_do_postHandle
                0x00000000200006e8        0x4 ./Core/Src/main.o
                0x00000000200006e8                semaphore_to_do_postHandle
 .bss.MQTT_PUB  0x00000000200006ec       0x32 ./Core/Src/quectel_commands_shortand.o
                0x00000000200006ec                MQTT_PUB
 *fill*         0x000000002000071e        0x2 
 .bss.__sbrk_heap_end
                0x0000000020000720        0x4 ./Core/Src/sysmem.o
 .bss.uwTick    0x0000000020000724        0x4 ./Drivers/STM32F1xx_HAL_Driver/Src/stm32f1xx_hal.o
                0x0000000020000724                uwTick
 .bss.pxCurrentTCB
                0x0000000020000728        0x4 ./Middlewares/Third_Party/FreeRTOS/Source/tasks.o
                0x0000000020000728                pxCurrentTCB
 .bss.pxReadyTasksLists
                0x000000002000072c       0x8c ./Middlewares/Third_Party/FreeRTOS/Source/tasks.o
 .bss.xDelayedTaskList1
                0x00000000200007b8       0x14 ./Middlewares/Third_Party/FreeRTOS/Source/tasks.o
 .bss.xDelayedTaskList2
                0x00000000200007cc       0x14 ./Middlewares/Third_Party/FreeRTOS/Source/tasks.o
 .bss.pxDelayedTaskList
                0x00000000200007e0        0x4 ./Middlewares/Third_Party/FreeRTOS/Source/tasks.o
 .bss.pxOverflowDelayedTaskList
                0x00000000200007e4        0x4 ./Middlewares/Third_Party/FreeRTOS/Source/tasks.o
 .bss.xPendingReadyList
                0x00000000200007e8       0x14 ./Middlewares/Third_Party/FreeRTOS/Source/tasks.o
 .bss.xTasksWaitingTermination
                0x00000000200007fc       0x14 ./Middlewares/Third_Party/FreeRTOS/Source/tasks.o
 .bss.uxDeletedTasksWaitingCleanUp
                0x0000000020000810        0x4 ./Middlewares/Third_Party/FreeRTOS/Source/tasks.o
 .bss.xSuspendedTaskList
                0x0000000020000814       0x14 ./Middlewares/Third_Party/FreeRTOS/Source/tasks.o
 .bss.uxCurrentNumberOfTasks
                0x0000000020000828        0x4 ./Middlewares/Third_Party/FreeRTOS/Source/tasks.o
 .bss.xTickCount
                0x000000002000082c        0x4 ./Middlewares/Third_Party/FreeRTOS/Source/tasks.o
 .bss.uxTopReadyPriority
                0x0000000020000830        0x4 ./Middlewares/Third_Party/FreeRTOS/Source/tasks.o
 .bss.xSchedulerRunning
                0x0000000020000834        0x4 ./Middlewares/Third_Party/FreeRTOS/Source/tasks.o
 .bss.uxPendedTicks
                0x0000000020000838        0x4 ./Middlewares/Third_Party/FreeRTOS/Source/tasks.o
 .bss.xYieldPending
                0x000000002000083c        0x4 ./Middlewares/Third_Party/FreeRTOS/Source/tasks.o
 .bss.xNumOfOverflows
                0x0000000020000840        0x4 ./Middlewares/Third_Party/FreeRTOS/Source/tasks.o
 .bss.uxTaskNumber
                0x0000000020000844        0x4 ./Middlewares/Third_Party/FreeRTOS/Source/tasks.o
 .bss.xNextTaskUnblockTime
                0x0000000020000848        0x4 ./Middlewares/Third_Party/FreeRTOS/Source/tasks.o
 .bss.xIdleTaskHandle
                0x000000002000084c        0x4 ./Middlewares/Third_Party/FreeRTOS/Source/tasks.o
 .bss.uxSchedulerSuspended
                0x0000000020000850        0x4 ./Middlewares/Third_Party/FreeRTOS/Source/tasks.o
 .bss.ucMaxSysCallPriority
                0x0000000020000854        0x1 ./Middlewares/Third_Party/FreeRTOS/Source/portable/GCC/ARM_CM3/port.o
 *fill*         0x0000000020000855        0x3 
 .bss.ulMaxPRIGROUPValue
                0x0000000020000858        0x4 ./Middlewares/Third_Party/FreeRTOS/Source/portable/GCC/ARM_CM3/port.o
 .bss.ucHeap    0x000000002000085c     0x1f40 ./Middlewares/Third_Party/FreeRTOS/Source/portable/MemMang/heap_4.o
 .bss.xStart    0x000000002000279c        0x8 ./Middlewares/Third_Party/FreeRTOS/Source/portable/MemMang/heap_4.o
 .bss.pxEnd     0x00000000200027a4        0x4 ./Middlewares/Third_Party/FreeRTOS/Source/portable/MemMang/heap_4.o
 .bss.xFreeBytesRemaining
                0x00000000200027a8        0x4 ./Middlewares/Third_Party/FreeRTOS/Source/portable/MemMang/heap_4.o
 .bss.xMinimumEverFreeBytesRemaining
                0x00000000200027ac        0x4 ./Middlewares/Third_Party/FreeRTOS/Source/portable/MemMang/heap_4.o
 .bss.xBlockAllocatedBit
                0x00000000200027b0        0x4 ./Middlewares/Third_Party/FreeRTOS/Source/portable/MemMang/heap_4.o
 .bss.__lock___malloc_recursive_mutex
                0x00000000200027b4        0x1 c:/st/stm32cubeide_1.12.1/stm32cubeide/plugins/com.st.stm32cube.ide.mcu.externaltools.gnu-tools-for-stm32.10.3-2021.10.win32_1.0.200.202301161003/tools/bin/../lib/gcc/arm-none-eabi/10.3.1/../../../../arm-none-eabi/lib/thumb/v7-m/nofp\libc_nano.a(lib_a-lock.o)
                0x00000000200027b4                __lock___malloc_recursive_mutex
 *fill*         0x00000000200027b5        0x3 
 .bss.__malloc_free_list
                0x00000000200027b8        0x4 c:/st/stm32cubeide_1.12.1/stm32cubeide/plugins/com.st.stm32cube.ide.mcu.externaltools.gnu-tools-for-stm32.10.3-2021.10.win32_1.0.200.202301161003/tools/bin/../lib/gcc/arm-none-eabi/10.3.1/../../../../arm-none-eabi/lib/thumb/v7-m/nofp\libc_nano.a(lib_a-nano-mallocr.o)
                0x00000000200027b8                __malloc_free_list
 .bss.__malloc_sbrk_start
                0x00000000200027bc        0x4 c:/st/stm32cubeide_1.12.1/stm32cubeide/plugins/com.st.stm32cube.ide.mcu.externaltools.gnu-tools-for-stm32.10.3-2021.10.win32_1.0.200.202301161003/tools/bin/../lib/gcc/arm-none-eabi/10.3.1/../../../../arm-none-eabi/lib/thumb/v7-m/nofp\libc_nano.a(lib_a-nano-mallocr.o)
                0x00000000200027bc                __malloc_sbrk_start
 .bss.errno     0x00000000200027c0        0x4 c:/st/stm32cubeide_1.12.1/stm32cubeide/plugins/com.st.stm32cube.ide.mcu.externaltools.gnu-tools-for-stm32.10.3-2021.10.win32_1.0.200.202301161003/tools/bin/../lib/gcc/arm-none-eabi/10.3.1/../../../../arm-none-eabi/lib/thumb/v7-m/nofp\libc_nano.a(lib_a-reent.o)
                0x00000000200027c0                errno
 *(COMMON)
                0x00000000200027c4                . = ALIGN (0x4)
                0x00000000200027c4                _ebss = .
                0x00000000200027c4                __bss_end__ = _ebss

._user_heap_stack
                0x00000000200027c4      0x604 load address 0x0000000008015320
                0x00000000200027c8                . = ALIGN (0x8)
 *fill*         0x00000000200027c4        0x4 
                [!provide]                        PROVIDE (end = .)
                0x00000000200027c8                PROVIDE (_end = .)
                0x00000000200029c8                . = (. + _Min_Heap_Size)
 *fill*         0x00000000200027c8      0x200 
                0x0000000020002dc8                . = (. + _Min_Stack_Size)
 *fill*         0x00000000200029c8      0x400 
                0x0000000020002dc8                . = ALIGN (0x8)

/DISCARD/
 libc.a(*)
 libm.a(*)
 libgcc.a(*)

.ARM.attributes
                0x0000000000000000       0x29
 *(.ARM.attributes)
 .ARM.attributes
                0x0000000000000000       0x1d c:/st/stm32cubeide_1.12.1/stm32cubeide/plugins/com.st.stm32cube.ide.mcu.externaltools.gnu-tools-for-stm32.10.3-2021.10.win32_1.0.200.202301161003/tools/bin/../lib/gcc/arm-none-eabi/10.3.1/thumb/v7-m/nofp/crti.o
 .ARM.attributes
                0x000000000000001d       0x2d c:/st/stm32cubeide_1.12.1/stm32cubeide/plugins/com.st.stm32cube.ide.mcu.externaltools.gnu-tools-for-stm32.10.3-2021.10.win32_1.0.200.202301161003/tools/bin/../lib/gcc/arm-none-eabi/10.3.1/thumb/v7-m/nofp/crtbegin.o
 .ARM.attributes
                0x000000000000004a       0x2d ./Core/Src/extra_functions_for_work.o
 .ARM.attributes
                0x0000000000000077       0x2d ./Core/Src/freertos.o
 .ARM.attributes
                0x00000000000000a4       0x2d ./Core/Src/geotextLib.o
 .ARM.attributes
                0x00000000000000d1       0x2d ./Core/Src/liquidcrystal_i2c.o
 .ARM.attributes
                0x00000000000000fe       0x2d ./Core/Src/main.o
 .ARM.attributes
                0x000000000000012b       0x2d ./Core/Src/quectel_commands_shortand.o
 .ARM.attributes
                0x0000000000000158       0x2d ./Core/Src/rc522.o
 .ARM.attributes
                0x0000000000000185       0x2d ./Core/Src/stm32f1xx_hal_msp.o
 .ARM.attributes
                0x00000000000001b2       0x2d ./Core/Src/stm32f1xx_it.o
 .ARM.attributes
                0x00000000000001df       0x2d ./Core/Src/switchSounds.o
 .ARM.attributes
                0x000000000000020c       0x2d ./Core/Src/sysmem.o
 .ARM.attributes
                0x0000000000000239       0x2d ./Core/Src/system_stm32f1xx.o
 .ARM.attributes
                0x0000000000000266       0x21 ./Core/Startup/startup_stm32f103cbtx.o
 .ARM.attributes
                0x0000000000000287       0x2d ./Drivers/STM32F1xx_HAL_Driver/Src/stm32f1xx_hal.o
 .ARM.attributes
                0x00000000000002b4       0x2d ./Drivers/STM32F1xx_HAL_Driver/Src/stm32f1xx_hal_cortex.o
 .ARM.attributes
                0x00000000000002e1       0x2d ./Drivers/STM32F1xx_HAL_Driver/Src/stm32f1xx_hal_dma.o
 .ARM.attributes
                0x000000000000030e       0x2d ./Drivers/STM32F1xx_HAL_Driver/Src/stm32f1xx_hal_gpio.o
 .ARM.attributes
                0x000000000000033b       0x2d ./Drivers/STM32F1xx_HAL_Driver/Src/stm32f1xx_hal_i2c.o
 .ARM.attributes
                0x0000000000000368       0x2d ./Drivers/STM32F1xx_HAL_Driver/Src/stm32f1xx_hal_rcc.o
 .ARM.attributes
                0x0000000000000395       0x2d ./Drivers/STM32F1xx_HAL_Driver/Src/stm32f1xx_hal_spi.o
 .ARM.attributes
                0x00000000000003c2       0x2d ./Drivers/STM32F1xx_HAL_Driver/Src/stm32f1xx_hal_uart.o
 .ARM.attributes
                0x00000000000003ef       0x2d ./Middlewares/Third_Party/FreeRTOS/Source/CMSIS_RTOS/cmsis_os.o
 .ARM.attributes
                0x000000000000041c       0x2d ./Middlewares/Third_Party/FreeRTOS/Source/event_groups.o
 .ARM.attributes
                0x0000000000000449       0x2d ./Middlewares/Third_Party/FreeRTOS/Source/list.o
 .ARM.attributes
                0x0000000000000476       0x2d ./Middlewares/Third_Party/FreeRTOS/Source/queue.o
 .ARM.attributes
                0x00000000000004a3       0x2d ./Middlewares/Third_Party/FreeRTOS/Source/tasks.o
 .ARM.attributes
                0x00000000000004d0       0x2d ./Middlewares/Third_Party/FreeRTOS/Source/portable/GCC/ARM_CM3/port.o
 .ARM.attributes
                0x00000000000004fd       0x2d ./Middlewares/Third_Party/FreeRTOS/Source/portable/MemMang/heap_4.o
 .ARM.attributes
                0x000000000000052a       0x2d c:/st/stm32cubeide_1.12.1/stm32cubeide/plugins/com.st.stm32cube.ide.mcu.externaltools.gnu-tools-for-stm32.10.3-2021.10.win32_1.0.200.202301161003/tools/bin/../lib/gcc/arm-none-eabi/10.3.1/../../../../arm-none-eabi/lib/thumb/v7-m/nofp\libc_nano.a(lib_a-atoi.o)
 .ARM.attributes
                0x0000000000000557       0x2d c:/st/stm32cubeide_1.12.1/stm32cubeide/plugins/com.st.stm32cube.ide.mcu.externaltools.gnu-tools-for-stm32.10.3-2021.10.win32_1.0.200.202301161003/tools/bin/../lib/gcc/arm-none-eabi/10.3.1/../../../../arm-none-eabi/lib/thumb/v7-m/nofp\libc_nano.a(lib_a-errno.o)
 .ARM.attributes
                0x0000000000000584       0x2d c:/st/stm32cubeide_1.12.1/stm32cubeide/plugins/com.st.stm32cube.ide.mcu.externaltools.gnu-tools-for-stm32.10.3-2021.10.win32_1.0.200.202301161003/tools/bin/../lib/gcc/arm-none-eabi/10.3.1/../../../../arm-none-eabi/lib/thumb/v7-m/nofp\libc_nano.a(lib_a-findfp.o)
 .ARM.attributes
                0x00000000000005b1       0x2d c:/st/stm32cubeide_1.12.1/stm32cubeide/plugins/com.st.stm32cube.ide.mcu.externaltools.gnu-tools-for-stm32.10.3-2021.10.win32_1.0.200.202301161003/tools/bin/../lib/gcc/arm-none-eabi/10.3.1/../../../../arm-none-eabi/lib/thumb/v7-m/nofp\libc_nano.a(lib_a-impure.o)
 .ARM.attributes
                0x00000000000005de       0x2d c:/st/stm32cubeide_1.12.1/stm32cubeide/plugins/com.st.stm32cube.ide.mcu.externaltools.gnu-tools-for-stm32.10.3-2021.10.win32_1.0.200.202301161003/tools/bin/../lib/gcc/arm-none-eabi/10.3.1/../../../../arm-none-eabi/lib/thumb/v7-m/nofp\libc_nano.a(lib_a-init.o)
 .ARM.attributes
                0x000000000000060b       0x2d c:/st/stm32cubeide_1.12.1/stm32cubeide/plugins/com.st.stm32cube.ide.mcu.externaltools.gnu-tools-for-stm32.10.3-2021.10.win32_1.0.200.202301161003/tools/bin/../lib/gcc/arm-none-eabi/10.3.1/../../../../arm-none-eabi/lib/thumb/v7-m/nofp\libc_nano.a(lib_a-lock.o)
 .ARM.attributes
                0x0000000000000638       0x2d c:/st/stm32cubeide_1.12.1/stm32cubeide/plugins/com.st.stm32cube.ide.mcu.externaltools.gnu-tools-for-stm32.10.3-2021.10.win32_1.0.200.202301161003/tools/bin/../lib/gcc/arm-none-eabi/10.3.1/../../../../arm-none-eabi/lib/thumb/v7-m/nofp\libc_nano.a(lib_a-malloc.o)
 .ARM.attributes
                0x0000000000000665       0x2d c:/st/stm32cubeide_1.12.1/stm32cubeide/plugins/com.st.stm32cube.ide.mcu.externaltools.gnu-tools-for-stm32.10.3-2021.10.win32_1.0.200.202301161003/tools/bin/../lib/gcc/arm-none-eabi/10.3.1/../../../../arm-none-eabi/lib/thumb/v7-m/nofp\libc_nano.a(lib_a-memcpy-stub.o)
 .ARM.attributes
                0x0000000000000692       0x2d c:/st/stm32cubeide_1.12.1/stm32cubeide/plugins/com.st.stm32cube.ide.mcu.externaltools.gnu-tools-for-stm32.10.3-2021.10.win32_1.0.200.202301161003/tools/bin/../lib/gcc/arm-none-eabi/10.3.1/../../../../arm-none-eabi/lib/thumb/v7-m/nofp\libc_nano.a(lib_a-memset.o)
 .ARM.attributes
                0x00000000000006bf       0x2d c:/st/stm32cubeide_1.12.1/stm32cubeide/plugins/com.st.stm32cube.ide.mcu.externaltools.gnu-tools-for-stm32.10.3-2021.10.win32_1.0.200.202301161003/tools/bin/../lib/gcc/arm-none-eabi/10.3.1/../../../../arm-none-eabi/lib/thumb/v7-m/nofp\libc_nano.a(lib_a-nano-freer.o)
 .ARM.attributes
                0x00000000000006ec       0x2d c:/st/stm32cubeide_1.12.1/stm32cubeide/plugins/com.st.stm32cube.ide.mcu.externaltools.gnu-tools-for-stm32.10.3-2021.10.win32_1.0.200.202301161003/tools/bin/../lib/gcc/arm-none-eabi/10.3.1/../../../../arm-none-eabi/lib/thumb/v7-m/nofp\libc_nano.a(lib_a-nano-mallocr.o)
 .ARM.attributes
                0x0000000000000719       0x2d c:/st/stm32cubeide_1.12.1/stm32cubeide/plugins/com.st.stm32cube.ide.mcu.externaltools.gnu-tools-for-stm32.10.3-2021.10.win32_1.0.200.202301161003/tools/bin/../lib/gcc/arm-none-eabi/10.3.1/../../../../arm-none-eabi/lib/thumb/v7-m/nofp\libc_nano.a(lib_a-reent.o)
 .ARM.attributes
                0x0000000000000746       0x2d c:/st/stm32cubeide_1.12.1/stm32cubeide/plugins/com.st.stm32cube.ide.mcu.externaltools.gnu-tools-for-stm32.10.3-2021.10.win32_1.0.200.202301161003/tools/bin/../lib/gcc/arm-none-eabi/10.3.1/../../../../arm-none-eabi/lib/thumb/v7-m/nofp\libc_nano.a(lib_a-sbrkr.o)
 .ARM.attributes
                0x0000000000000773       0x2d c:/st/stm32cubeide_1.12.1/stm32cubeide/plugins/com.st.stm32cube.ide.mcu.externaltools.gnu-tools-for-stm32.10.3-2021.10.win32_1.0.200.202301161003/tools/bin/../lib/gcc/arm-none-eabi/10.3.1/../../../../arm-none-eabi/lib/thumb/v7-m/nofp\libc_nano.a(lib_a-sprintf.o)
 .ARM.attributes
                0x00000000000007a0       0x2d c:/st/stm32cubeide_1.12.1/stm32cubeide/plugins/com.st.stm32cube.ide.mcu.externaltools.gnu-tools-for-stm32.10.3-2021.10.win32_1.0.200.202301161003/tools/bin/../lib/gcc/arm-none-eabi/10.3.1/../../../../arm-none-eabi/lib/thumb/v7-m/nofp\libc_nano.a(lib_a-strchr.o)
 .ARM.attributes
                0x00000000000007cd       0x17 c:/st/stm32cubeide_1.12.1/stm32cubeide/plugins/com.st.stm32cube.ide.mcu.externaltools.gnu-tools-for-stm32.10.3-2021.10.win32_1.0.200.202301161003/tools/bin/../lib/gcc/arm-none-eabi/10.3.1/../../../../arm-none-eabi/lib/thumb/v7-m/nofp\libc_nano.a(lib_a-strlen.o)
 .ARM.attributes
                0x00000000000007e4       0x2d c:/st/stm32cubeide_1.12.1/stm32cubeide/plugins/com.st.stm32cube.ide.mcu.externaltools.gnu-tools-for-stm32.10.3-2021.10.win32_1.0.200.202301161003/tools/bin/../lib/gcc/arm-none-eabi/10.3.1/../../../../arm-none-eabi/lib/thumb/v7-m/nofp\libc_nano.a(lib_a-strstr.o)
 .ARM.attributes
                0x0000000000000811       0x2d c:/st/stm32cubeide_1.12.1/stm32cubeide/plugins/com.st.stm32cube.ide.mcu.externaltools.gnu-tools-for-stm32.10.3-2021.10.win32_1.0.200.202301161003/tools/bin/../lib/gcc/arm-none-eabi/10.3.1/../../../../arm-none-eabi/lib/thumb/v7-m/nofp\libc_nano.a(lib_a-strtol.o)
 .ARM.attributes
                0x000000000000083e       0x2d c:/st/stm32cubeide_1.12.1/stm32cubeide/plugins/com.st.stm32cube.ide.mcu.externaltools.gnu-tools-for-stm32.10.3-2021.10.win32_1.0.200.202301161003/tools/bin/../lib/gcc/arm-none-eabi/10.3.1/../../../../arm-none-eabi/lib/thumb/v7-m/nofp\libc_nano.a(lib_a-ctype_.o)
 .ARM.attributes
                0x000000000000086b       0x2d c:/st/stm32cubeide_1.12.1/stm32cubeide/plugins/com.st.stm32cube.ide.mcu.externaltools.gnu-tools-for-stm32.10.3-2021.10.win32_1.0.200.202301161003/tools/bin/../lib/gcc/arm-none-eabi/10.3.1/../../../../arm-none-eabi/lib/thumb/v7-m/nofp\libc_nano.a(lib_a-mlock.o)
 .ARM.attributes
                0x0000000000000898       0x2d c:/st/stm32cubeide_1.12.1/stm32cubeide/plugins/com.st.stm32cube.ide.mcu.externaltools.gnu-tools-for-stm32.10.3-2021.10.win32_1.0.200.202301161003/tools/bin/../lib/gcc/arm-none-eabi/10.3.1/../../../../arm-none-eabi/lib/thumb/v7-m/nofp\libc_nano.a(lib_a-nano-svfprintf.o)
 .ARM.attributes
                0x00000000000008c5       0x2d c:/st/stm32cubeide_1.12.1/stm32cubeide/plugins/com.st.stm32cube.ide.mcu.externaltools.gnu-tools-for-stm32.10.3-2021.10.win32_1.0.200.202301161003/tools/bin/../lib/gcc/arm-none-eabi/10.3.1/../../../../arm-none-eabi/lib/thumb/v7-m/nofp\libc_nano.a(lib_a-nano-vfprintf_i.o)
 .ARM.attributes
                0x00000000000008f2       0x2d c:/st/stm32cubeide_1.12.1/stm32cubeide/plugins/com.st.stm32cube.ide.mcu.externaltools.gnu-tools-for-stm32.10.3-2021.10.win32_1.0.200.202301161003/tools/bin/../lib/gcc/arm-none-eabi/10.3.1/../../../../arm-none-eabi/lib/thumb/v7-m/nofp\libc_nano.a(lib_a-memchr-stub.o)
 .ARM.attributes
                0x000000000000091f       0x2d c:/st/stm32cubeide_1.12.1/stm32cubeide/plugins/com.st.stm32cube.ide.mcu.externaltools.gnu-tools-for-stm32.10.3-2021.10.win32_1.0.200.202301161003/tools/bin/../lib/gcc/arm-none-eabi/10.3.1/../../../../arm-none-eabi/lib/thumb/v7-m/nofp\libc_nano.a(lib_a-memmove.o)
 .ARM.attributes