../Drivers/CMSIS/Include/core_cm3.h:1762:34:__NVIC_SystemReset	4	static,ignoring_inline_asm
../Core/Src/main.c:98:6:HAL_UART_RxCpltCallback	24	static,ignoring_inline_asm
../Core/Src/main.c:151:5:main	128	static,ignoring_inline_asm
../Core/Src/main.c:262:6:SystemClock_Config	72	static
../Core/Src/main.c:302:13:MX_I2C1_Init	8	static
../Core/Src/main.c:333:13:MX_SPI1_Init	8	static
../Core/Src/main.c:367:13:MX_USART1_UART_Init	8	static
../Core/Src/main.c:397:13:MX_USART2_UART_Init	8	static
../Core/Src/main.c:427:13:MX_GPIO_Init	40	static
../Core/Src/main.c:478:6:read_card_task	72	static
../Core/Src/main.c:535:6:vApplicationIdleHook	4	static
../Core/Src/main.c:541:6:process_status_task	80	static
../Core/Src/main.c:629:6:send_card_data_MQTT	32	static
../Core/Src/main.c:671:6:check_MQTT	32	static
../Core/Src/main.c:714:6:Error_Handler	4	static
